ARM Linker, 5.03 [Build 76] [MDK-ARM Standard]

==============================================================================

Section Cross References

    startup_lpc17xx.o(RESET) refers to startup_lpc17xx.o(STACK) for __initial_sp
    startup_lpc17xx.o(RESET) refers to startup_lpc17xx.o(.text) for Reset_Handler
    startup_lpc17xx.o(RESET) refers to usart.o(.text) for UART3_IRQHandler
    startup_lpc17xx.o(RESET) refers to can_simple_tx_rx.o(.text) for CAN_IRQHandler
    startup_lpc17xx.o(.text) refers to system_lpc17xx.o(.text) for SystemInit
    startup_lpc17xx.o(.text) refers to entry.o(.ARM.Collect$$$$00000000) for __main
    system_lpc17xx.o(.text) refers to system_lpc17xx.o(.data) for SystemCoreClock
    debug_frmwrk.o(.text) refers to lpc17xx_uart.o(.text) for UART_Send
    debug_frmwrk.o(.text) refers to lpc17xx_pinsel.o(.text) for PINSEL_ConfigPin
    debug_frmwrk.o(.text) refers to debug_frmwrk.o(.data) for _db_msg
    lpc17xx_can.o(.text) refers to can_simple_tx_rx.o(.text) for check_failed
    lpc17xx_can.o(.text) refers to lpc17xx_clkpwr.o(.text) for CLKPWR_GetPCLK
    lpc17xx_can.o(.text) refers to memcpya.o(.text) for __aeabi_memcpy4
    lpc17xx_can.o(.text) refers to lpc17xx_can.o(.data) for FULLCAN_ENABLE
    lpc17xx_clkpwr.o(.text) refers to system_lpc17xx.o(.data) for SystemCoreClock
    lpc17xx_uart.o(.text) refers to lpc17xx_clkpwr.o(.text) for CLKPWR_GetPCLK
    lpc17xx_uart.o(.text) refers to uldiv.o(.text) for __aeabi_uldivmod
    lpc17xx_uart.o(.text) refers to can_simple_tx_rx.o(.text) for check_failed
    lpc17xx_uart.o(.text) refers to lpc17xx_uart.o(.data) for count
    can_simple_tx_rx.o(.text) refers to debug_frmwrk.o(.data) for _db_msg_
    can_simple_tx_rx.o(.text) refers to main.o(.bss) for TxMsg
    can_simple_tx_rx.o(.text) refers to can_simple_tx_rx.o(.bss) for RxMsgbuf
    can_simple_tx_rx.o(.text) refers to lpc17xx_can.o(.text) for CAN_LoadExplicitEntry
    can_simple_tx_rx.o(.text) refers to can_simple_tx_rx.o(.data) for count
    can_simple_tx_rx.o(.text) refers to main.o(.data) for RxFlg
    usart.o(.text) refers to lpc17xx_uart.o(.text) for UART_Receive
    usart.o(.text) refers to lpc17xx_can.o(.text) for CAN_SendMsg
    usart.o(.text) refers to usart.o(.bss) for rb
    usart.o(.text) refers to main.o(.bss) for TxMsg
    usart.o(.text) refers to debug_frmwrk.o(.data) for _db_msg
    main.o(.text) refers to debug_frmwrk.o(.text) for debug_frmwrk_init
    main.o(.text) refers to can_simple_tx_rx.o(.text) for print_menu
    main.o(.text) refers to lpc17xx_pinsel.o(.text) for PINSEL_ConfigPin
    main.o(.text) refers to lpc17xx_can.o(.text) for CAN_Init
    main.o(.text) refers to can_simple_tx_rx.o(.data) for menu
    main.o(.text) refers to debug_frmwrk.o(.data) for _db_msg_
    main.o(.text) refers to can_simple_tx_rx.o(.bss) for RxMsgbuf
    entry.o(.ARM.Collect$$$$00000000) refers (Special) to entry10a.o(.ARM.Collect$$$$0000000D) for __rt_final_cpp
    entry.o(.ARM.Collect$$$$00000000) refers (Special) to entry11a.o(.ARM.Collect$$$$0000000F) for __rt_final_exit
    entry.o(.ARM.Collect$$$$00000000) refers (Special) to entry7b.o(.ARM.Collect$$$$00000008) for _main_clock
    entry.o(.ARM.Collect$$$$00000000) refers (Special) to entry8b.o(.ARM.Collect$$$$0000000A) for _main_cpp_init
    entry.o(.ARM.Collect$$$$00000000) refers (Special) to entry9a.o(.ARM.Collect$$$$0000000B) for _main_init
    entry.o(.ARM.Collect$$$$00000000) refers (Special) to entry5.o(.ARM.Collect$$$$00000004) for _main_scatterload
    entry.o(.ARM.Collect$$$$00000000) refers (Special) to entry2.o(.ARM.Collect$$$$00000001) for _main_stk
    uldiv.o(.text) refers to llushr.o(.text) for __aeabi_llsr
    uldiv.o(.text) refers to llshl.o(.text) for __aeabi_llsl
    entry2.o(.ARM.Collect$$$$00000001) refers to entry2.o(.ARM.Collect$$$$00002712) for __lit__00000000
    entry2.o(.ARM.Collect$$$$00002712) refers to startup_lpc17xx.o(STACK) for __initial_sp
    entry2.o(__vectab_stack_and_reset_area) refers to startup_lpc17xx.o(STACK) for __initial_sp
    entry2.o(__vectab_stack_and_reset_area) refers to entry.o(.ARM.Collect$$$$00000000) for __main
    entry5.o(.ARM.Collect$$$$00000004) refers to init.o(.text) for __scatterload
    entry9a.o(.ARM.Collect$$$$0000000B) refers to main.o(.text) for main
    entry9b.o(.ARM.Collect$$$$0000000C) refers to main.o(.text) for main
    init.o(.text) refers to entry5.o(.ARM.Collect$$$$00000004) for __main_after_scatterload


==============================================================================

Removing Unused input sections from the image.

    Removing startup_lpc17xx.o(HEAP), (0 bytes).
    Removing system_lpc17xx.o(.rev16_text), (4 bytes).
    Removing system_lpc17xx.o(.revsh_text), (4 bytes).
    Removing debug_frmwrk.o(.rev16_text), (4 bytes).
    Removing debug_frmwrk.o(.revsh_text), (4 bytes).
    Removing lpc17xx_can.o(.rev16_text), (4 bytes).
    Removing lpc17xx_can.o(.revsh_text), (4 bytes).
    Removing lpc17xx_clkpwr.o(.rev16_text), (4 bytes).
    Removing lpc17xx_clkpwr.o(.revsh_text), (4 bytes).
    Removing lpc17xx_exti.o(.rev16_text), (4 bytes).
    Removing lpc17xx_exti.o(.revsh_text), (4 bytes).
    Removing lpc17xx_exti.o(.text), (184 bytes).
    Removing lpc17xx_pinsel.o(.rev16_text), (4 bytes).
    Removing lpc17xx_pinsel.o(.revsh_text), (4 bytes).
    Removing lpc17xx_uart.o(.rev16_text), (4 bytes).
    Removing lpc17xx_uart.o(.revsh_text), (4 bytes).
    Removing can_simple_tx_rx.o(.rev16_text), (4 bytes).
    Removing can_simple_tx_rx.o(.revsh_text), (4 bytes).
    Removing usart.o(.rev16_text), (4 bytes).
    Removing usart.o(.revsh_text), (4 bytes).
    Removing main.o(.rev16_text), (4 bytes).
    Removing main.o(.revsh_text), (4 bytes).

22 unused section(s) (total 264 bytes) removed from the image.

==============================================================================

Image Symbol Table

    Local Symbols

    Symbol Name                              Value     Ov Type        Size  Object(Section)

    RESET                                    0x00000000   Section      204  startup_lpc17xx.o(RESET)
    ../clib/../cmprslib/zerorunl2.c          0x00000000   Number         0  __dczerorl2.o ABSOLUTE
    ../clib/microlib/division.c              0x00000000   Number         0  uldiv.o ABSOLUTE
    ../clib/microlib/init/entry.s            0x00000000   Number         0  entry.o ABSOLUTE
    ../clib/microlib/init/entry.s            0x00000000   Number         0  entry11b.o ABSOLUTE
    ../clib/microlib/init/entry.s            0x00000000   Number         0  entry11a.o ABSOLUTE
    ../clib/microlib/init/entry.s            0x00000000   Number         0  entry10b.o ABSOLUTE
    ../clib/microlib/init/entry.s            0x00000000   Number         0  entry10a.o ABSOLUTE
    ../clib/microlib/init/entry.s            0x00000000   Number         0  entry9b.o ABSOLUTE
    ../clib/microlib/init/entry.s            0x00000000   Number         0  entry9a.o ABSOLUTE
    ../clib/microlib/init/entry.s            0x00000000   Number         0  entry8b.o ABSOLUTE
    ../clib/microlib/init/entry.s            0x00000000   Number         0  entry8a.o ABSOLUTE
    ../clib/microlib/init/entry.s            0x00000000   Number         0  entry7b.o ABSOLUTE
    ../clib/microlib/init/entry.s            0x00000000   Number         0  entry7a.o ABSOLUTE
    ../clib/microlib/init/entry.s            0x00000000   Number         0  entry5.o ABSOLUTE
    ../clib/microlib/init/entry.s            0x00000000   Number         0  entry2.o ABSOLUTE
    ../clib/microlib/longlong.c              0x00000000   Number         0  llushr.o ABSOLUTE
    ../clib/microlib/longlong.c              0x00000000   Number         0  llshl.o ABSOLUTE
    ../clib/microlib/string/memcpy.c         0x00000000   Number         0  memcpyb.o ABSOLUTE
    ../clib/microlib/string/memcpy.c         0x00000000   Number         0  memcpya.o ABSOLUTE
    ..\Core\Device\NXP\LPC17xx\Source\Templates\ARM\startup_LPC17xx.s 0x00000000   Number         0  startup_lpc17xx.o ABSOLUTE
    ..\Core\Device\NXP\LPC17xx\Source\Templates\system_LPC17xx.c 0x00000000   Number         0  system_lpc17xx.o ABSOLUTE
    ..\Drivers\source\debug_frmwrk.c         0x00000000   Number         0  debug_frmwrk.o ABSOLUTE
    ..\Drivers\source\lpc17xx_can.c          0x00000000   Number         0  lpc17xx_can.o ABSOLUTE
    ..\Drivers\source\lpc17xx_clkpwr.c       0x00000000   Number         0  lpc17xx_clkpwr.o ABSOLUTE
    ..\Drivers\source\lpc17xx_exti.c         0x00000000   Number         0  lpc17xx_exti.o ABSOLUTE
    ..\Drivers\source\lpc17xx_pinsel.c       0x00000000   Number         0  lpc17xx_pinsel.o ABSOLUTE
    ..\Drivers\source\lpc17xx_uart.c         0x00000000   Number         0  lpc17xx_uart.o ABSOLUTE
    ..\Main\main.c                           0x00000000   Number         0  main.o ABSOLUTE
    ..\\Core\\Device\\NXP\\LPC17xx\\Source\\Templates\\system_LPC17xx.c 0x00000000   Number         0  system_lpc17xx.o ABSOLUTE
    ..\\Drivers\\source\\debug_frmwrk.c      0x00000000   Number         0  debug_frmwrk.o ABSOLUTE
    ..\\Drivers\\source\\lpc17xx_can.c       0x00000000   Number         0  lpc17xx_can.o ABSOLUTE
    ..\\Drivers\\source\\lpc17xx_clkpwr.c    0x00000000   Number         0  lpc17xx_clkpwr.o ABSOLUTE
    ..\\Drivers\\source\\lpc17xx_exti.c      0x00000000   Number         0  lpc17xx_exti.o ABSOLUTE
    ..\\Drivers\\source\\lpc17xx_pinsel.c    0x00000000   Number         0  lpc17xx_pinsel.o ABSOLUTE
    ..\\Drivers\\source\\lpc17xx_uart.c      0x00000000   Number         0  lpc17xx_uart.o ABSOLUTE
    ..\\Main\\main.c                         0x00000000   Number         0  main.o ABSOLUTE
    ..\\can_simple_txrx\\USART\\usart.c      0x00000000   Number         0  usart.o ABSOLUTE
    ..\\can_simple_txrx\\can_simple_tx_rx.c  0x00000000   Number         0  can_simple_tx_rx.o ABSOLUTE
    ..\can_simple_txrx\USART\usart.c         0x00000000   Number         0  usart.o ABSOLUTE
    ..\can_simple_txrx\can_simple_tx_rx.c    0x00000000   Number         0  can_simple_tx_rx.o ABSOLUTE
    dc.s                                     0x00000000   Number         0  dc.o ABSOLUTE
    handlers.s                               0x00000000   Number         0  handlers.o ABSOLUTE
    init.s                                   0x00000000   Number         0  init.o ABSOLUTE
    .ARM.Collect$$$$00000000                 0x000000cc   Section        0  entry.o(.ARM.Collect$$$$00000000)
    .ARM.Collect$$$$00000001                 0x000000cc   Section        4  entry2.o(.ARM.Collect$$$$00000001)
    .ARM.Collect$$$$00000004                 0x000000d0   Section        4  entry5.o(.ARM.Collect$$$$00000004)
    .ARM.Collect$$$$00000008                 0x000000d4   Section        0  entry7b.o(.ARM.Collect$$$$00000008)
    .ARM.Collect$$$$0000000A                 0x000000d4   Section        0  entry8b.o(.ARM.Collect$$$$0000000A)
    .ARM.Collect$$$$0000000B                 0x000000d4   Section        8  entry9a.o(.ARM.Collect$$$$0000000B)
    .ARM.Collect$$$$0000000D                 0x000000dc   Section        0  entry10a.o(.ARM.Collect$$$$0000000D)
    .ARM.Collect$$$$0000000F                 0x000000dc   Section        0  entry11a.o(.ARM.Collect$$$$0000000F)
    .ARM.Collect$$$$00002712                 0x000000dc   Section        4  entry2.o(.ARM.Collect$$$$00002712)
    __lit__00000000                          0x000000dc   Data           4  entry2.o(.ARM.Collect$$$$00002712)
    .text                                    0x000000e0   Section       36  startup_lpc17xx.o(.text)
    .text                                    0x00000104   Section        0  lpc17xx_clkpwr.o(.text)
    .text                                    0x00000254   Section        0  uldiv.o(.text)
    .text                                    0x000002b6   Section        0  memcpya.o(.text)
    .text                                    0x000002da   Section        0  llshl.o(.text)
    i.__scatterload_null                     0x000002f8   Section        2  handlers.o(i.__scatterload_null)
    .ARM.__at_0x02FC                         0x000002fc   Section        4  startup_lpc17xx.o(.ARM.__at_0x02FC)
    .text                                    0x00000300   Section        0  system_lpc17xx.o(.text)
    .text                                    0x000005b0   Section        0  debug_frmwrk.o(.text)
    .text                                    0x00000acc   Section        0  lpc17xx_can.o(.text)
    can_SetBaudrate                          0x00000acd   Thumb Code   178  lpc17xx_can.o(.text)
    .text                                    0x00002918   Section        0  lpc17xx_pinsel.o(.text)
    set_PinFunc                              0x00002919   Thumb Code    60  lpc17xx_pinsel.o(.text)
    set_ResistorMode                         0x00002955   Thumb Code    62  lpc17xx_pinsel.o(.text)
    set_OpenDrainMode                        0x00002993   Thumb Code    44  lpc17xx_pinsel.o(.text)
    .text                                    0x00002a18   Section        0  lpc17xx_uart.o(.text)
    uart_set_divisors                        0x00002a19   Thumb Code   464  lpc17xx_uart.o(.text)
    .text                                    0x00003634   Section        0  can_simple_tx_rx.o(.text)
    .text                                    0x00003bc0   Section        0  usart.o(.text)
    .text                                    0x00003c88   Section        0  main.o(.text)
    NVIC_EnableIRQ                           0x00003d27   Thumb Code    24  main.o(.text)
    .text                                    0x00003d68   Section        0  llushr.o(.text)
    .text                                    0x00003d88   Section       36  init.o(.text)
    .text                                    0x00003dac   Section        0  __dczerorl2.o(.text)
    i.__scatterload_copy                     0x00003e08   Section       14  handlers.o(i.__scatterload_copy)
    i.__scatterload_zeroinit                 0x00003e16   Section       14  handlers.o(i.__scatterload_zeroinit)
    .data                                    0x10000000   Section        4  system_lpc17xx.o(.data)
    .data                                    0x10000004   Section       48  debug_frmwrk.o(.data)
    .data                                    0x10000034   Section       11  lpc17xx_can.o(.data)
    .data                                    0x1000003f   Section        1  lpc17xx_uart.o(.data)
    count                                    0x1000003f   Data           1  lpc17xx_uart.o(.data)
    .data                                    0x10000040   Section        1  main.o(.data)
    .bss                                     0x10000044   Section      208  can_simple_tx_rx.o(.bss)
    .bss                                     0x10000114   Section      528  usart.o(.bss)
    .bss                                     0x10000324   Section       16  main.o(.bss)
    .data                                    0x2007c000   Section      316  can_simple_tx_rx.o(.data)
    STACK                                    0x2007c140   Section      512  startup_lpc17xx.o(STACK)

    Global Symbols

    Symbol Name                              Value     Ov Type        Size  Object(Section)

    BuildAttributes$$THM_ISAv4$P$D$K$B$S$PE$A:L22UL41UL21$X:L11$S22US41US21$IEEE1$IW$USESV6$~STKCKD$USESV7$~SHL$OSPACE$EBA8$MICROLIB$REQ8$PRES8$EABIv2 0x00000000   Number         0  anon$$obj.o ABSOLUTE
    __ARM_use_no_argv                        0x00000000   Number         0  main.o ABSOLUTE
    __Vectors                                0x00000000   Data           4  startup_lpc17xx.o(RESET)
    __cpp_initialize__aeabi_                  - Undefined Weak Reference
    __cxa_finalize                            - Undefined Weak Reference
    _clock_init                               - Undefined Weak Reference
    _microlib_exit                            - Undefined Weak Reference
    __main                                   0x000000cd   Thumb Code     0  entry.o(.ARM.Collect$$$$00000000)
    _main_stk                                0x000000cd   Thumb Code     0  entry2.o(.ARM.Collect$$$$00000001)
    _main_scatterload                        0x000000d1   Thumb Code     0  entry5.o(.ARM.Collect$$$$00000004)
    __main_after_scatterload                 0x000000d5   Thumb Code     0  entry5.o(.ARM.Collect$$$$00000004)
    _main_clock                              0x000000d5   Thumb Code     0  entry7b.o(.ARM.Collect$$$$00000008)
    _main_cpp_init                           0x000000d5   Thumb Code     0  entry8b.o(.ARM.Collect$$$$0000000A)
    _main_init                               0x000000d5   Thumb Code     0  entry9a.o(.ARM.Collect$$$$0000000B)
    __rt_final_cpp                           0x000000dd   Thumb Code     0  entry10a.o(.ARM.Collect$$$$0000000D)
    __rt_final_exit                          0x000000dd   Thumb Code     0  entry11a.o(.ARM.Collect$$$$0000000F)
    Reset_Handler                            0x000000e1   Thumb Code     8  startup_lpc17xx.o(.text)
    NMI_Handler                              0x000000e9   Thumb Code     2  startup_lpc17xx.o(.text)
    HardFault_Handler                        0x000000eb   Thumb Code     2  startup_lpc17xx.o(.text)
    MemManage_Handler                        0x000000ed   Thumb Code     2  startup_lpc17xx.o(.text)
    BusFault_Handler                         0x000000ef   Thumb Code     2  startup_lpc17xx.o(.text)
    UsageFault_Handler                       0x000000f1   Thumb Code     2  startup_lpc17xx.o(.text)
    SVC_Handler                              0x000000f3   Thumb Code     2  startup_lpc17xx.o(.text)
    DebugMon_Handler                         0x000000f5   Thumb Code     2  startup_lpc17xx.o(.text)
    PendSV_Handler                           0x000000f7   Thumb Code     2  startup_lpc17xx.o(.text)
    SysTick_Handler                          0x000000f9   Thumb Code     2  startup_lpc17xx.o(.text)
    ADC_IRQHandler                           0x000000fb   Thumb Code     0  startup_lpc17xx.o(.text)
    BOD_IRQHandler                           0x000000fb   Thumb Code     0  startup_lpc17xx.o(.text)
    CANActivity_IRQHandler                   0x000000fb   Thumb Code     0  startup_lpc17xx.o(.text)
    DMA_IRQHandler                           0x000000fb   Thumb Code     0  startup_lpc17xx.o(.text)
    EINT0_IRQHandler                         0x000000fb   Thumb Code     0  startup_lpc17xx.o(.text)
    EINT1_IRQHandler                         0x000000fb   Thumb Code     0  startup_lpc17xx.o(.text)
    EINT2_IRQHandler                         0x000000fb   Thumb Code     0  startup_lpc17xx.o(.text)
    EINT3_IRQHandler                         0x000000fb   Thumb Code     0  startup_lpc17xx.o(.text)
    ENET_IRQHandler                          0x000000fb   Thumb Code     0  startup_lpc17xx.o(.text)
    I2C0_IRQHandler                          0x000000fb   Thumb Code     0  startup_lpc17xx.o(.text)
    I2C1_IRQHandler                          0x000000fb   Thumb Code     0  startup_lpc17xx.o(.text)
    I2C2_IRQHandler                          0x000000fb   Thumb Code     0  startup_lpc17xx.o(.text)
    I2S_IRQHandler                           0x000000fb   Thumb Code     0  startup_lpc17xx.o(.text)
    MCPWM_IRQHandler                         0x000000fb   Thumb Code     0  startup_lpc17xx.o(.text)
    PLL0_IRQHandler                          0x000000fb   Thumb Code     0  startup_lpc17xx.o(.text)
    PLL1_IRQHandler                          0x000000fb   Thumb Code     0  startup_lpc17xx.o(.text)
    PWM1_IRQHandler                          0x000000fb   Thumb Code     0  startup_lpc17xx.o(.text)
    QEI_IRQHandler                           0x000000fb   Thumb Code     0  startup_lpc17xx.o(.text)
    RIT_IRQHandler                           0x000000fb   Thumb Code     0  startup_lpc17xx.o(.text)
    RTC_IRQHandler                           0x000000fb   Thumb Code     0  startup_lpc17xx.o(.text)
    SPI_IRQHandler                           0x000000fb   Thumb Code     0  startup_lpc17xx.o(.text)
    SSP0_IRQHandler                          0x000000fb   Thumb Code     0  startup_lpc17xx.o(.text)
    SSP1_IRQHandler                          0x000000fb   Thumb Code     0  startup_lpc17xx.o(.text)
    TIMER0_IRQHandler                        0x000000fb   Thumb Code     0  startup_lpc17xx.o(.text)
    TIMER1_IRQHandler                        0x000000fb   Thumb Code     0  startup_lpc17xx.o(.text)
    TIMER2_IRQHandler                        0x000000fb   Thumb Code     0  startup_lpc17xx.o(.text)
    TIMER3_IRQHandler                        0x000000fb   Thumb Code     0  startup_lpc17xx.o(.text)
    UART0_IRQHandler                         0x000000fb   Thumb Code     0  startup_lpc17xx.o(.text)
    UART1_IRQHandler                         0x000000fb   Thumb Code     0  startup_lpc17xx.o(.text)
    UART2_IRQHandler                         0x000000fb   Thumb Code     0  startup_lpc17xx.o(.text)
    USBActivity_IRQHandler                   0x000000fb   Thumb Code     0  startup_lpc17xx.o(.text)
    USB_IRQHandler                           0x000000fb   Thumb Code     0  startup_lpc17xx.o(.text)
    WDT_IRQHandler                           0x000000fb   Thumb Code     0  startup_lpc17xx.o(.text)
    CLKPWR_SetPCLKDiv                        0x00000105   Thumb Code   106  lpc17xx_clkpwr.o(.text)
    CLKPWR_GetPCLKSEL                        0x0000016f   Thumb Code    32  lpc17xx_clkpwr.o(.text)
    CLKPWR_GetPCLK                           0x0000018f   Thumb Code    58  lpc17xx_clkpwr.o(.text)
    CLKPWR_ConfigPPWR                        0x000001c9   Thumb Code    50  lpc17xx_clkpwr.o(.text)
    CLKPWR_Sleep                             0x000001fb   Thumb Code    10  lpc17xx_clkpwr.o(.text)
    CLKPWR_DeepSleep                         0x00000205   Thumb Code    16  lpc17xx_clkpwr.o(.text)
    CLKPWR_PowerDown                         0x00000215   Thumb Code    16  lpc17xx_clkpwr.o(.text)
    CLKPWR_DeepPowerDown                     0x00000225   Thumb Code    16  lpc17xx_clkpwr.o(.text)
    __aeabi_uldivmod                         0x00000255   Thumb Code    98  uldiv.o(.text)
    __aeabi_memcpy                           0x000002b7   Thumb Code    36  memcpya.o(.text)
    __aeabi_memcpy4                          0x000002b7   Thumb Code     0  memcpya.o(.text)
    __aeabi_memcpy8                          0x000002b7   Thumb Code     0  memcpya.o(.text)
    __aeabi_llsl                             0x000002db   Thumb Code    30  llshl.o(.text)
    _ll_shift_l                              0x000002db   Thumb Code     0  llshl.o(.text)
    __scatterload_null                       0x000002f9   Thumb Code     2  handlers.o(i.__scatterload_null)
    SystemCoreClockUpdate                    0x00000301   Thumb Code   312  system_lpc17xx.o(.text)
    SystemInit                               0x00000439   Thumb Code   296  system_lpc17xx.o(.text)
    UARTPutChar                              0x000005b1   Thumb Code    18  debug_frmwrk.o(.text)
    UARTPutChar_withspace                    0x000005c3   Thumb Code    18  debug_frmwrk.o(.text)
    UARTGetChar                              0x000005d5   Thumb Code    26  debug_frmwrk.o(.text)
    UARTPuts                                 0x000005ef   Thumb Code    28  debug_frmwrk.o(.text)
    UARTPuts_                                0x0000060b   Thumb Code    24  debug_frmwrk.o(.text)
    UARTPutDec                               0x00000623   Thumb Code    96  debug_frmwrk.o(.text)
    UARTPutDec16                             0x00000683   Thumb Code   160  debug_frmwrk.o(.text)
    UARTPutDec8                              0x00000723   Thumb Code    96  debug_frmwrk.o(.text)
    UARTPutDec32                             0x00000783   Thumb Code   280  debug_frmwrk.o(.text)
    UARTPutHex                               0x0000089b   Thumb Code    66  debug_frmwrk.o(.text)
    UARTPutHex16                             0x000008dd   Thumb Code    66  debug_frmwrk.o(.text)
    UARTPutHex32                             0x0000091f   Thumb Code    66  debug_frmwrk.o(.text)
    Change8bit                               0x00000961   Thumb Code    12  debug_frmwrk.o(.text)
    UARTPutHex32_no0x                        0x0000096d   Thumb Code    58  debug_frmwrk.o(.text)
    debug_frmwrk_init                        0x000009a7   Thumb Code   246  debug_frmwrk.o(.text)
    CAN_Init                                 0x00000b7f   Thumb Code   152  lpc17xx_can.o(.text)
    CAN_DeInit                               0x00000c17   Thumb Code    56  lpc17xx_can.o(.text)
    CAN_SetupAFLUT                           0x00000c4f   Thumb Code  1768  lpc17xx_can.o(.text)
    CAN_LoadExplicitEntry                    0x00001337   Thumb Code   844  lpc17xx_can.o(.text)
    CAN_LoadFullCANEntry                     0x00001683   Thumb Code   824  lpc17xx_can.o(.text)
    CAN_LoadGroupEntry                       0x000019bb   Thumb Code   864  lpc17xx_can.o(.text)
    CAN_RemoveEntry                          0x00001d1b   Thumb Code  1226  lpc17xx_can.o(.text)
    CAN_SendMsg                              0x000021e5   Thumb Code   570  lpc17xx_can.o(.text)
    CAN_ReceiveMsg                           0x0000241f   Thumb Code   122  lpc17xx_can.o(.text)
    FCAN_ReadObj                             0x00002499   Thumb Code   222  lpc17xx_can.o(.text)
    CAN_GetCTRLStatus                        0x00002577   Thumb Code    84  lpc17xx_can.o(.text)
    CAN_GetCRStatus                          0x000025cb   Thumb Code    66  lpc17xx_can.o(.text)
    CAN_IRQCmd                               0x0000260d   Thumb Code   172  lpc17xx_can.o(.text)
    CAN_SetAFMode                            0x000026b9   Thumb Code    94  lpc17xx_can.o(.text)
    CAN_ModeConfig                           0x00002717   Thumb Code   342  lpc17xx_can.o(.text)
    CAN_SetCommand                           0x0000286d   Thumb Code    38  lpc17xx_can.o(.text)
    CAN_IntGetStatus                         0x00002893   Thumb Code    32  lpc17xx_can.o(.text)
    CAN_FullCANIntGetStatus                  0x000028b3   Thumb Code    34  lpc17xx_can.o(.text)
    CAN_FullCANPendGetStatus                 0x000028d5   Thumb Code    52  lpc17xx_can.o(.text)
    PINSEL_ConfigTraceFunc                   0x000029bf   Thumb Code    34  lpc17xx_pinsel.o(.text)
    PINSEL_SetI2C0Pins                       0x000029e1   Thumb Code    16  lpc17xx_pinsel.o(.text)
    PINSEL_ConfigPin                         0x000029f1   Thumb Code    36  lpc17xx_pinsel.o(.text)
    UART_Init                                0x00002be9   Thumb Code   454  lpc17xx_uart.o(.text)
    UART_TxCmd                               0x00002daf   Thumb Code   182  lpc17xx_uart.o(.text)
    UART_DeInit                              0x00002e65   Thumb Code    82  lpc17xx_uart.o(.text)
    UART_ConfigStructInit                    0x00002eb7   Thumb Code    18  lpc17xx_uart.o(.text)
    UART_SendByte                            0x00002ec9   Thumb Code    58  lpc17xx_uart.o(.text)
    UART_SendByte_withspace                  0x00002f03   Thumb Code    84  lpc17xx_uart.o(.text)
    UART_ReceiveByte                         0x00002f57   Thumb Code    56  lpc17xx_uart.o(.text)
    UART_Send                                0x00002f8f   Thumb Code   150  lpc17xx_uart.o(.text)
    UART_Send_withspace                      0x00003025   Thumb Code   150  lpc17xx_uart.o(.text)
    UART_Receive                             0x000030bb   Thumb Code   122  lpc17xx_uart.o(.text)
    UART_ForceBreak                          0x00003135   Thumb Code    68  lpc17xx_uart.o(.text)
    UART_IntConfig                           0x00003179   Thumb Code   282  lpc17xx_uart.o(.text)
    UART_GetLineStatus                       0x00003293   Thumb Code    56  lpc17xx_uart.o(.text)
    UART_GetIntId                            0x000032cb   Thumb Code    52  lpc17xx_uart.o(.text)
    UART_CheckBusy                           0x000032ff   Thumb Code    18  lpc17xx_uart.o(.text)
    UART_FIFOConfig                          0x00003311   Thumb Code   254  lpc17xx_uart.o(.text)
    UART_FIFOConfigStructInit                0x0000340f   Thumb Code    14  lpc17xx_uart.o(.text)
    UART_ABCmd                               0x0000341d   Thumb Code   192  lpc17xx_uart.o(.text)
    UART_ABClearIntPending                   0x000034dd   Thumb Code    66  lpc17xx_uart.o(.text)
    UART_IrDAInvtInputCmd                    0x0000351f   Thumb Code    80  lpc17xx_uart.o(.text)
    UART_IrDACmd                             0x0000356f   Thumb Code    78  lpc17xx_uart.o(.text)
    UART_IrDAPulseDivConfig                  0x000035bd   Thumb Code   102  lpc17xx_uart.o(.text)
    print_menu                               0x00003635   Thumb Code    16  can_simple_tx_rx.o(.text)
    Error_Loop                               0x00003645   Thumb Code     4  can_simple_tx_rx.o(.text)
    PrintMessage                             0x00003649   Thumb Code   248  can_simple_tx_rx.o(.text)
    PrintMessage_simple                      0x00003741   Thumb Code   160  can_simple_tx_rx.o(.text)
    CAN_InitRXMessage                        0x000037e1   Thumb Code   866  can_simple_tx_rx.o(.text)
    CAN_SetupAFTable                         0x00003b43   Thumb Code    40  can_simple_tx_rx.o(.text)
    CAN_IRQHandler                           0x00003b6b   Thumb Code    64  can_simple_tx_rx.o(.text)
    check_failed                             0x00003bab   Thumb Code     4  can_simple_tx_rx.o(.text)
    UART_IntReceive                          0x00003bc1   Thumb Code   106  usart.o(.text)
    UART_IntErr                              0x00003c2b   Thumb Code     4  usart.o(.text)
    UART3_IRQHandler                         0x00003c2f   Thumb Code    52  usart.o(.text)
    main                                     0x00003c89   Thumb Code   158  main.o(.text)
    __aeabi_llsr                             0x00003d69   Thumb Code    32  llushr.o(.text)
    _ll_ushift_r                             0x00003d69   Thumb Code     0  llushr.o(.text)
    __scatterload                            0x00003d89   Thumb Code    28  init.o(.text)
    __scatterload_rt2                        0x00003d89   Thumb Code     0  init.o(.text)
    __decompress                             0x00003dad   Thumb Code     0  __dczerorl2.o(.text)
    __decompress1                            0x00003dad   Thumb Code    92  __dczerorl2.o(.text)
    __scatterload_copy                       0x00003e09   Thumb Code    14  handlers.o(i.__scatterload_copy)
    __scatterload_zeroinit                   0x00003e17   Thumb Code    14  handlers.o(i.__scatterload_zeroinit)
    Region$$Table$$Base                      0x00003e24   Number         0  anon$$obj.o(Region$$Table)
    Region$$Table$$Limit                     0x00003e64   Number         0  anon$$obj.o(Region$$Table)
    SystemCoreClock                          0x10000000   Data           4  system_lpc17xx.o(.data)
    _db_msg                                  0x10000004   Data           4  debug_frmwrk.o(.data)
    _db_msg_                                 0x10000008   Data           4  debug_frmwrk.o(.data)
    _db_char                                 0x1000000c   Data           4  debug_frmwrk.o(.data)
    _db_dec                                  0x10000010   Data           4  debug_frmwrk.o(.data)
    _db_dec_8                                0x10000014   Data           4  debug_frmwrk.o(.data)
    _db_dec_16                               0x10000018   Data           4  debug_frmwrk.o(.data)
    _db_dec_32                               0x1000001c   Data           4  debug_frmwrk.o(.data)
    _db_hex                                  0x10000020   Data           4  debug_frmwrk.o(.data)
    _db_hex_16                               0x10000024   Data           4  debug_frmwrk.o(.data)
    _db_hex_32                               0x10000028   Data           4  debug_frmwrk.o(.data)
    _db_hex_32_no0X                          0x1000002c   Data           4  debug_frmwrk.o(.data)
    _db_get_char                             0x10000030   Data           4  debug_frmwrk.o(.data)
    CANAF_FullCAN_cnt                        0x10000034   Data           2  lpc17xx_can.o(.data)
    CANAF_std_cnt                            0x10000036   Data           2  lpc17xx_can.o(.data)
    CANAF_gstd_cnt                           0x10000038   Data           2  lpc17xx_can.o(.data)
    CANAF_ext_cnt                            0x1000003a   Data           2  lpc17xx_can.o(.data)
    CANAF_gext_cnt                           0x1000003c   Data           2  lpc17xx_can.o(.data)
    FULLCAN_ENABLE                           0x1000003e   Data           1  lpc17xx_can.o(.data)
    RxFlg                                    0x10000040   Data           1  main.o(.data)
    RxMsgbuf                                 0x10000044   Data         208  can_simple_tx_rx.o(.bss)
    rb                                       0x10000114   Data         528  usart.o(.bss)
    TxMsg                                    0x10000324   Data          16  main.o(.bss)
    menu                                     0x2007c000   Data         315  can_simple_tx_rx.o(.data)
    count                                    0x2007c13b   Data           1  can_simple_tx_rx.o(.data)
    __initial_sp                             0x2007c340   Data           0  startup_lpc17xx.o(STACK)



==============================================================================

Memory Map of the image

  Image Entry point : 0x000000cd

  Load Region LR_IROM1 (Base: 0x00000000, Size: 0x00003fe4, Max: 0x00020000, ABSOLUTE, COMPRESSED[0x00003f3c])

    Execution Region ER_IROM1 (Base: 0x00000000, Size: 0x00003e64, Max: 0x00020000, ABSOLUTE)

    Base Addr    Size         Type   Attr      Idx    E Section Name        Object

    0x00000000   0x000000cc   Data   RO            3    RESET               startup_lpc17xx.o
    0x000000cc   0x00000000   Code   RO          299  * .ARM.Collect$$$$00000000  mc_w.l(entry.o)
    0x000000cc   0x00000004   Code   RO          308    .ARM.Collect$$$$00000001  mc_w.l(entry2.o)
    0x000000d0   0x00000004   Code   RO          311    .ARM.Collect$$$$00000004  mc_w.l(entry5.o)
    0x000000d4   0x00000000   Code   RO          313    .ARM.Collect$$$$00000008  mc_w.l(entry7b.o)
    0x000000d4   0x00000000   Code   RO          315    .ARM.Collect$$$$0000000A  mc_w.l(entry8b.o)
    0x000000d4   0x00000008   Code   RO          316    .ARM.Collect$$$$0000000B  mc_w.l(entry9a.o)
    0x000000dc   0x00000000   Code   RO          318    .ARM.Collect$$$$0000000D  mc_w.l(entry10a.o)
    0x000000dc   0x00000000   Code   RO          320    .ARM.Collect$$$$0000000F  mc_w.l(entry11a.o)
    0x000000dc   0x00000004   Code   RO          309    .ARM.Collect$$$$00002712  mc_w.l(entry2.o)
    0x000000e0   0x00000024   Code   RO            5    .text               startup_lpc17xx.o
    0x00000104   0x00000150   Code   RO          129    .text               lpc17xx_clkpwr.o
    0x00000254   0x00000062   Code   RO          302    .text               mc_w.l(uldiv.o)
    0x000002b6   0x00000024   Code   RO          304    .text               mc_w.l(memcpya.o)
    0x000002da   0x0000001e   Code   RO          322    .text               mc_w.l(llshl.o)
    0x000002f8   0x00000002   Code   RO          331    i.__scatterload_null  mc_w.l(handlers.o)
    0x000002fa   0x00000002   PAD
    0x000002fc   0x00000004   Code   RO            4    .ARM.__at_0x02FC    startup_lpc17xx.o
    0x00000300   0x000002b0   Code   RO           15    .text               system_lpc17xx.o
    0x000005b0   0x0000051c   Code   RO           58    .text               debug_frmwrk.o
    0x00000acc   0x00001e4c   Code   RO          100    .text               lpc17xx_can.o
    0x00002918   0x00000100   Code   RO          172    .text               lpc17xx_pinsel.o
    0x00002a18   0x00000c1c   Code   RO          192    .text               lpc17xx_uart.o
    0x00003634   0x0000058c   Code   RO          213    .text               can_simple_tx_rx.o
    0x00003bc0   0x000000c8   Code   RO          245    .text               usart.o
    0x00003c88   0x000000e0   Code   RO          272    .text               main.o
    0x00003d68   0x00000020   Code   RO          324    .text               mc_w.l(llushr.o)
    0x00003d88   0x00000024   Code   RO          326    .text               mc_w.l(init.o)
    0x00003dac   0x0000005c   Code   RO          336    .text               mc_w.l(__dczerorl2.o)
    0x00003e08   0x0000000e   Code   RO          330    i.__scatterload_copy  mc_w.l(handlers.o)
    0x00003e16   0x0000000e   Code   RO          332    i.__scatterload_zeroinit  mc_w.l(handlers.o)
    0x00003e24   0x00000040   Data   RO          328    Region$$Table       anon$$obj.o


    Execution Region RW_IRAM1 (Base: 0x10000000, Size: 0x00000334, Max: 0x00004000, ABSOLUTE)

    Base Addr    Size         Type   Attr      Idx    E Section Name        Object

    0x10000000   0x00000004   Data   RW           16    .data               system_lpc17xx.o
    0x10000004   0x00000030   Data   RW           59    .data               debug_frmwrk.o
    0x10000034   0x0000000b   Data   RW          101    .data               lpc17xx_can.o
    0x1000003f   0x00000001   Data   RW          193    .data               lpc17xx_uart.o
    0x10000040   0x00000001   Data   RW          274    .data               main.o
    0x10000041   0x00000003   PAD
    0x10000044   0x000000d0   Zero   RW          214    .bss                can_simple_tx_rx.o
    0x10000114   0x00000210   Zero   RW          246    .bss                usart.o
    0x10000324   0x00000010   Zero   RW          273    .bss                main.o


    Execution Region RW_IRAM2 (Base: 0x2007c000, Size: 0x00000340, Max: 0x00004000, ABSOLUTE, COMPRESSED[0x00000094])

    Base Addr    Size         Type   Attr      Idx    E Section Name        Object

    0x2007c000   0x0000013c   Data   RW          215    .data               can_simple_tx_rx.o
    0x2007c13c   0x00000004   PAD
    0x2007c140   0x00000200   Zero   RW            1    STACK               startup_lpc17xx.o


==============================================================================

Image component sizes


      Code (inc. data)   RO Data    RW Data    ZI Data      Debug   Object Name

      1420        268          0        316        208       2588   can_simple_tx_rx.o
      1308         80          0         48          0      17111   debug_frmwrk.o
      7756        286          0         11          0      22175   lpc17xx_can.o
       336         32          0          0          0       1743   lpc17xx_clkpwr.o
       256          4          0          0          0       2101   lpc17xx_pinsel.o
      3100        102          0          1          0       8605   lpc17xx_uart.o
       224         42          0          1         16      24886   main.o
        40         12        204          0        512       1028   startup_lpc17xx.o
       688         80          0          4          0      23605   system_lpc17xx.o
       200         38          0          0        528       1872   usart.o

    ----------------------------------------------------------------------
     15328        944        268        384       1268     105714   Object Totals
         0          0         64          0          0          0   (incl. Generated)
         0          0          0          3          4          0   (incl. Padding)

    ----------------------------------------------------------------------

      Code (inc. data)   RO Data    RW Data    ZI Data      Debug   Library Member Name

        92          0          0          0          0          0   __dczerorl2.o
         0          0          0          0          0          0   entry.o
         0          0          0          0          0          0   entry10a.o
         0          0          0          0          0          0   entry11a.o
         8          4          0          0          0          0   entry2.o
         4          0          0          0          0          0   entry5.o
         0          0          0          0          0          0   entry7b.o
         0          0          0          0          0          0   entry8b.o
         8          4          0          0          0          0   entry9a.o
        30          0          0          0          0          0   handlers.o
        36          8          0          0          0         68   init.o
        30          0          0          0          0         68   llshl.o
        32          0          0          0          0         68   llushr.o
        36          0          0          0          0         68   memcpya.o
        98          0          0          0          0         92   uldiv.o

    ----------------------------------------------------------------------
       376         16          0          0          0        364   Library Totals
         2          0          0          0          0          0   (incl. Padding)

    ----------------------------------------------------------------------

      Code (inc. data)   RO Data    RW Data    ZI Data      Debug   Library Name

       374         16          0          0          0        364   mc_w.l

    ----------------------------------------------------------------------
       376         16          0          0          0        364   Library Totals

    ----------------------------------------------------------------------

==============================================================================


      Code (inc. data)   RO Data    RW Data    ZI Data      Debug   

     15704        960        268        384       1268     105246   Grand Totals
     15704        960        268        216       1268     105246   ELF Image Totals (compressed)
     15704        960        268        216          0          0   ROM Totals

==============================================================================

    Total RO  Size (Code + RO Data)                15972 (  15.60kB)
    Total RW  Size (RW Data + ZI Data)              1652 (   1.61kB)
    Total ROM Size (Code + RO Data + RW Data)      16188 (  15.81kB)

==============================================================================

