<html>
<body>
<pre>
<h1>礦ision Build Log</h1>
<h2>Project:</h2>
D:\CAN 数据解析\CAN_flyaudiov2.0\Keil\can_simple_tx_rx.uvproj
Project File Date:  09/24/2018

<h2>Output:</h2>
Rebuild target 'LPC1700 FLASH'
assembling startup_LPC17xx.s...
compiling system_LPC17xx.c...
compiling debug_frmwrk.c...
compiling lpc17xx_can.c...
compiling lpc17xx_clkpwr.c...
compiling lpc17xx_exti.c...
compiling lpc17xx_pinsel.c...
compiling lpc17xx_uart.c...
compiling can_simple_tx_rx.c...
..\can_simple_txrx\can_simple_tx_rx.c(104): warning:  #175-D: subscript out of range
..\can_simple_txrx\can_simple_tx_rx.c(105): warning:  #175-D: subscript out of range
..\can_simple_txrx\can_simple_tx_rx.c(106): warning:  #175-D: subscript out of range
..\can_simple_txrx\can_simple_tx_rx.c(107): warning:  #175-D: subscript out of range
..\can_simple_txrx\can_simple_tx_rx.c(108): warning:  #175-D: subscript out of range
..\can_simple_txrx\can_simple_tx_rx.c(108): error:  #137: expression must be a modifiable lvalue
..\can_simple_txrx\can_simple_tx_rx.c(108): error:  #65: expected a ";"
compiling main.c...
..\Main\main.c(15): warning:  #177-D: variable "status" was declared but never referenced
".\Flash\can_simple_tx_rx.axf" - 2 Errors, 6 Warning(s).
Target not created
Build target 'LPC1700 FLASH'
compiling can_simple_tx_rx.c...
..\can_simple_txrx\can_simple_tx_rx.c(104): warning:  #175-D: subscript out of range
..\can_simple_txrx\can_simple_tx_rx.c(105): warning:  #175-D: subscript out of range
..\can_simple_txrx\can_simple_tx_rx.c(106): warning:  #175-D: subscript out of range
..\can_simple_txrx\can_simple_tx_rx.c(107): warning:  #175-D: subscript out of range
..\can_simple_txrx\can_simple_tx_rx.c(108): warning:  #175-D: subscript out of range
..\can_simple_txrx\can_simple_tx_rx.c(108): error:  #65: expected a ";"
".\Flash\can_simple_tx_rx.axf" - 1 Errors, 5 Warning(s).
Target not created
Build target 'LPC1700 FLASH'
compiling can_simple_tx_rx.c...
..\can_simple_txrx\can_simple_tx_rx.c(104): warning:  #175-D: subscript out of range
..\can_simple_txrx\can_simple_tx_rx.c(105): warning:  #175-D: subscript out of range
..\can_simple_txrx\can_simple_tx_rx.c(106): warning:  #175-D: subscript out of range
..\can_simple_txrx\can_simple_tx_rx.c(107): warning:  #175-D: subscript out of range
..\can_simple_txrx\can_simple_tx_rx.c(108): warning:  #175-D: subscript out of range
..\can_simple_txrx\can_simple_tx_rx.c(108): error:  #137: expression must be a modifiable lvalue
".\Flash\can_simple_tx_rx.axf" - 1 Errors, 5 Warning(s).
Target not created
Build target 'LPC1700 FLASH'
compiling can_simple_tx_rx.c...
..\can_simple_txrx\can_simple_tx_rx.c(104): warning:  #175-D: subscript out of range
..\can_simple_txrx\can_simple_tx_rx.c(105): warning:  #175-D: subscript out of range
..\can_simple_txrx\can_simple_tx_rx.c(106): warning:  #175-D: subscript out of range
..\can_simple_txrx\can_simple_tx_rx.c(107): warning:  #175-D: subscript out of range
..\can_simple_txrx\can_simple_tx_rx.c(108): warning:  #175-D: subscript out of range
linking...
Program Size: Code=14868 RO-data=268 RW-data=376 ZI-data=740  
FromELF: creating hex file...
".\Flash\can_simple_tx_rx.axf" - 0 Errors, 5 Warning(s).
Build target 'LPC1700 FLASH'
compiling can_simple_tx_rx.c...
..\can_simple_txrx\can_simple_tx_rx.c(104): warning:  #175-D: subscript out of range
..\can_simple_txrx\can_simple_tx_rx.c(105): warning:  #175-D: subscript out of range
..\can_simple_txrx\can_simple_tx_rx.c(106): warning:  #175-D: subscript out of range
..\can_simple_txrx\can_simple_tx_rx.c(107): warning:  #175-D: subscript out of range
..\can_simple_txrx\can_simple_tx_rx.c(108): warning:  #175-D: subscript out of range
..\can_simple_txrx\can_simple_tx_rx.c(109): warning:  #175-D: subscript out of range
..\can_simple_txrx\can_simple_tx_rx.c(110): warning:  #175-D: subscript out of range
..\can_simple_txrx\can_simple_tx_rx.c(111): warning:  #175-D: subscript out of range
..\can_simple_txrx\can_simple_tx_rx.c(113): warning:  #175-D: subscript out of range
..\can_simple_txrx\can_simple_tx_rx.c(114): warning:  #175-D: subscript out of range
..\can_simple_txrx\can_simple_tx_rx.c(115): warning:  #175-D: subscript out of range
..\can_simple_txrx\can_simple_tx_rx.c(116): warning:  #175-D: subscript out of range
linking...
Program Size: Code=15048 RO-data=268 RW-data=376 ZI-data=740  
FromELF: creating hex file...
".\Flash\can_simple_tx_rx.axf" - 0 Errors, 12 Warning(s).
Build target 'LPC1700 FLASH'
linking...
Program Size: Code=15048 RO-data=268 RW-data=376 ZI-data=740  
FromELF: creating hex file...
".\Flash\can_simple_tx_rx.axf" - 0 Errors, 0 Warning(s).
Load "D:\\CAN 数据解析\\CAN_flyaudiov2.0\\Keil\\Flash\\can_simple_tx_rx.axf" 
Erase Done.
Programming Done.
Verify OK.
Build target 'LPC1700 FLASH'
compiling can_simple_tx_rx.c...
..\can_simple_txrx\can_simple_tx_rx.c(104): warning:  #175-D: subscript out of range
..\can_simple_txrx\can_simple_tx_rx.c(105): warning:  #175-D: subscript out of range
..\can_simple_txrx\can_simple_tx_rx.c(106): warning:  #175-D: subscript out of range
..\can_simple_txrx\can_simple_tx_rx.c(107): warning:  #175-D: subscript out of range
..\can_simple_txrx\can_simple_tx_rx.c(108): warning:  #175-D: subscript out of range
..\can_simple_txrx\can_simple_tx_rx.c(109): warning:  #175-D: subscript out of range
..\can_simple_txrx\can_simple_tx_rx.c(110): warning:  #175-D: subscript out of range
..\can_simple_txrx\can_simple_tx_rx.c(111): warning:  #175-D: subscript out of range
..\can_simple_txrx\can_simple_tx_rx.c(113): warning:  #175-D: subscript out of range
..\can_simple_txrx\can_simple_tx_rx.c(114): warning:  #175-D: subscript out of range
..\can_simple_txrx\can_simple_tx_rx.c(115): warning:  #175-D: subscript out of range
..\can_simple_txrx\can_simple_tx_rx.c(116): warning:  #175-D: subscript out of range
linking...
Program Size: Code=15008 RO-data=268 RW-data=376 ZI-data=740  
FromELF: creating hex file...
".\Flash\can_simple_tx_rx.axf" - 0 Errors, 12 Warning(s).
Load "D:\\CAN 数据解析\\CAN_flyaudiov2.0\\Keil\\Flash\\can_simple_tx_rx.axf" 
Erase Done.
Programming Done.
Verify OK.
Build target 'LPC1700 FLASH'
compiling can_simple_tx_rx.c...
..\can_simple_txrx\can_simple_tx_rx.c(142): warning:  #175-D: subscript out of range
..\can_simple_txrx\can_simple_tx_rx.c(143): warning:  #175-D: subscript out of range
..\can_simple_txrx\can_simple_tx_rx.c(144): warning:  #175-D: subscript out of range
..\can_simple_txrx\can_simple_tx_rx.c(145): warning:  #175-D: subscript out of range
..\can_simple_txrx\can_simple_tx_rx.c(146): warning:  #175-D: subscript out of range
..\can_simple_txrx\can_simple_tx_rx.c(147): warning:  #175-D: subscript out of range
..\can_simple_txrx\can_simple_tx_rx.c(148): warning:  #175-D: subscript out of range
..\can_simple_txrx\can_simple_tx_rx.c(149): warning:  #175-D: subscript out of range
..\can_simple_txrx\can_simple_tx_rx.c(151): warning:  #175-D: subscript out of range
..\can_simple_txrx\can_simple_tx_rx.c(152): warning:  #175-D: subscript out of range
..\can_simple_txrx\can_simple_tx_rx.c(153): warning:  #175-D: subscript out of range
..\can_simple_txrx\can_simple_tx_rx.c(154): warning:  #175-D: subscript out of range
compiling main.c...
..\Main\main.c(15): warning:  #177-D: variable "status" was declared but never referenced
linking...
Program Size: Code=15252 RO-data=268 RW-data=376 ZI-data=740  
FromELF: creating hex file...
".\Flash\can_simple_tx_rx.axf" - 0 Errors, 13 Warning(s).
Build target 'LPC1700 FLASH'
compiling main.c...
..\Main\main.c(15): warning:  #177-D: variable "status" was declared but never referenced
linking...
Program Size: Code=15252 RO-data=268 RW-data=376 ZI-data=740  
FromELF: creating hex file...
".\Flash\can_simple_tx_rx.axf" - 0 Errors, 1 Warning(s).
Build target 'LPC1700 FLASH'
compiling main.c...
linking...
Program Size: Code=15252 RO-data=268 RW-data=376 ZI-data=740  
FromELF: creating hex file...
".\Flash\can_simple_tx_rx.axf" - 0 Errors, 0 Warning(s).
Load "D:\\CAN 数据解析\\CAN_flyaudiov2.0\\Keil\\Flash\\can_simple_tx_rx.axf" 
Erase Done.
Programming Done.
Verify OK.
Build target 'LPC1700 FLASH'
compiling can_simple_tx_rx.c...
..\can_simple_txrx\can_simple_tx_rx.c(123): warning:  #175-D: subscript out of range
..\can_simple_txrx\can_simple_tx_rx.c(124): warning:  #175-D: subscript out of range
..\can_simple_txrx\can_simple_tx_rx.c(125): warning:  #175-D: subscript out of range
..\can_simple_txrx\can_simple_tx_rx.c(126): warning:  #175-D: subscript out of range
..\can_simple_txrx\can_simple_tx_rx.c(127): warning:  #175-D: subscript out of range
..\can_simple_txrx\can_simple_tx_rx.c(128): warning:  #175-D: subscript out of range
..\can_simple_txrx\can_simple_tx_rx.c(129): warning:  #175-D: subscript out of range
..\can_simple_txrx\can_simple_tx_rx.c(130): warning:  #175-D: subscript out of range
..\can_simple_txrx\can_simple_tx_rx.c(132): warning:  #175-D: subscript out of range
..\can_simple_txrx\can_simple_tx_rx.c(133): warning:  #175-D: subscript out of range
..\can_simple_txrx\can_simple_tx_rx.c(134): warning:  #175-D: subscript out of range
..\can_simple_txrx\can_simple_tx_rx.c(135): warning:  #175-D: subscript out of range
linking...
Program Size: Code=15160 RO-data=268 RW-data=376 ZI-data=740  
FromELF: creating hex file...
".\Flash\can_simple_tx_rx.axf" - 0 Errors, 12 Warning(s).
Load "D:\\CAN 数据解析\\CAN_flyaudiov2.0\\Keil\\Flash\\can_simple_tx_rx.axf" 
Erase Done.
Programming Done.
Verify OK.
Build target 'LPC1700 FLASH'
compiling can_simple_tx_rx.c...
..\can_simple_txrx\can_simple_tx_rx.c(123): warning:  #175-D: subscript out of range
..\can_simple_txrx\can_simple_tx_rx.c(124): warning:  #175-D: subscript out of range
..\can_simple_txrx\can_simple_tx_rx.c(125): warning:  #175-D: subscript out of range
..\can_simple_txrx\can_simple_tx_rx.c(126): warning:  #175-D: subscript out of range
..\can_simple_txrx\can_simple_tx_rx.c(127): warning:  #175-D: subscript out of range
..\can_simple_txrx\can_simple_tx_rx.c(128): warning:  #175-D: subscript out of range
..\can_simple_txrx\can_simple_tx_rx.c(129): warning:  #175-D: subscript out of range
..\can_simple_txrx\can_simple_tx_rx.c(130): warning:  #175-D: subscript out of range
..\can_simple_txrx\can_simple_tx_rx.c(132): warning:  #175-D: subscript out of range
..\can_simple_txrx\can_simple_tx_rx.c(133): warning:  #175-D: subscript out of range
..\can_simple_txrx\can_simple_tx_rx.c(134): warning:  #175-D: subscript out of range
..\can_simple_txrx\can_simple_tx_rx.c(135): warning:  #175-D: subscript out of range
linking...
Program Size: Code=15172 RO-data=268 RW-data=376 ZI-data=740  
FromELF: creating hex file...
".\Flash\can_simple_tx_rx.axf" - 0 Errors, 12 Warning(s).
Load "D:\\CAN 数据解析\\CAN_flyaudiov2.0\\Keil\\Flash\\can_simple_tx_rx.axf" 
Erase Done.
Programming Done.
Verify OK.
Build target 'LPC1700 FLASH'
compiling can_simple_tx_rx.c...
..\can_simple_txrx\can_simple_tx_rx.c(123): warning:  #175-D: subscript out of range
..\can_simple_txrx\can_simple_tx_rx.c(124): warning:  #175-D: subscript out of range
..\can_simple_txrx\can_simple_tx_rx.c(125): warning:  #175-D: subscript out of range
..\can_simple_txrx\can_simple_tx_rx.c(126): warning:  #175-D: subscript out of range
..\can_simple_txrx\can_simple_tx_rx.c(127): warning:  #175-D: subscript out of range
..\can_simple_txrx\can_simple_tx_rx.c(128): warning:  #175-D: subscript out of range
..\can_simple_txrx\can_simple_tx_rx.c(129): warning:  #175-D: subscript out of range
..\can_simple_txrx\can_simple_tx_rx.c(130): warning:  #175-D: subscript out of range
..\can_simple_txrx\can_simple_tx_rx.c(132): warning:  #175-D: subscript out of range
..\can_simple_txrx\can_simple_tx_rx.c(133): warning:  #175-D: subscript out of range
..\can_simple_txrx\can_simple_tx_rx.c(134): warning:  #175-D: subscript out of range
..\can_simple_txrx\can_simple_tx_rx.c(135): warning:  #175-D: subscript out of range
linking...
Program Size: Code=15192 RO-data=268 RW-data=376 ZI-data=740  
FromELF: creating hex file...
".\Flash\can_simple_tx_rx.axf" - 0 Errors, 12 Warning(s).
Load "D:\\CAN 数据解析\\CAN_flyaudiov2.0\\Keil\\Flash\\can_simple_tx_rx.axf" 
Erase Done.
Programming Done.
Verify OK.
Build target 'LPC1700 FLASH'
compiling can_simple_tx_rx.c...
..\can_simple_txrx\can_simple_tx_rx.c(123): warning:  #175-D: subscript out of range
..\can_simple_txrx\can_simple_tx_rx.c(124): warning:  #175-D: subscript out of range
..\can_simple_txrx\can_simple_tx_rx.c(125): warning:  #175-D: subscript out of range
..\can_simple_txrx\can_simple_tx_rx.c(126): warning:  #175-D: subscript out of range
..\can_simple_txrx\can_simple_tx_rx.c(127): warning:  #175-D: subscript out of range
..\can_simple_txrx\can_simple_tx_rx.c(128): warning:  #175-D: subscript out of range
..\can_simple_txrx\can_simple_tx_rx.c(129): warning:  #175-D: subscript out of range
..\can_simple_txrx\can_simple_tx_rx.c(130): warning:  #175-D: subscript out of range
..\can_simple_txrx\can_simple_tx_rx.c(132): warning:  #175-D: subscript out of range
..\can_simple_txrx\can_simple_tx_rx.c(133): warning:  #175-D: subscript out of range
..\can_simple_txrx\can_simple_tx_rx.c(134): warning:  #175-D: subscript out of range
..\can_simple_txrx\can_simple_tx_rx.c(135): warning:  #175-D: subscript out of range
linking...
Program Size: Code=15192 RO-data=268 RW-data=376 ZI-data=740  
FromELF: creating hex file...
".\Flash\can_simple_tx_rx.axf" - 0 Errors, 12 Warning(s).
Load "D:\\CAN 数据解析\\CAN_flyaudiov2.0\\Keil\\Flash\\can_simple_tx_rx.axf" 
Erase Done.
Programming Done.
Verify OK.
Build target 'LPC1700 FLASH'
compiling can_simple_tx_rx.c...
..\can_simple_txrx\can_simple_tx_rx.c(123): warning:  #175-D: subscript out of range
..\can_simple_txrx\can_simple_tx_rx.c(124): warning:  #175-D: subscript out of range
..\can_simple_txrx\can_simple_tx_rx.c(125): warning:  #175-D: subscript out of range
..\can_simple_txrx\can_simple_tx_rx.c(126): warning:  #175-D: subscript out of range
..\can_simple_txrx\can_simple_tx_rx.c(127): warning:  #175-D: subscript out of range
..\can_simple_txrx\can_simple_tx_rx.c(128): warning:  #175-D: subscript out of range
..\can_simple_txrx\can_simple_tx_rx.c(129): warning:  #175-D: subscript out of range
..\can_simple_txrx\can_simple_tx_rx.c(130): warning:  #175-D: subscript out of range
..\can_simple_txrx\can_simple_tx_rx.c(132): warning:  #175-D: subscript out of range
..\can_simple_txrx\can_simple_tx_rx.c(133): warning:  #175-D: subscript out of range
..\can_simple_txrx\can_simple_tx_rx.c(134): warning:  #175-D: subscript out of range
..\can_simple_txrx\can_simple_tx_rx.c(135): warning:  #175-D: subscript out of range
linking...
Program Size: Code=15196 RO-data=268 RW-data=376 ZI-data=740  
FromELF: creating hex file...
".\Flash\can_simple_tx_rx.axf" - 0 Errors, 12 Warning(s).
Load "D:\\CAN 数据解析\\CAN_flyaudiov2.0\\Keil\\Flash\\can_simple_tx_rx.axf" 
Erase Done.
Programming Done.
Verify OK.
Build target 'LPC1700 FLASH'
compiling debug_frmwrk.c...
linking...
Program Size: Code=15292 RO-data=268 RW-data=376 ZI-data=740  
FromELF: creating hex file...
".\Flash\can_simple_tx_rx.axf" - 0 Errors, 0 Warning(s).
Build target 'LPC1700 FLASH'
compiling debug_frmwrk.c...
..\Drivers\source\debug_frmwrk.c(339): error:  #20: identifier "UARTPutHex8" is undefined
compiling can_simple_tx_rx.c...
..\can_simple_txrx\can_simple_tx_rx.c(123): warning:  #175-D: subscript out of range
..\can_simple_txrx\can_simple_tx_rx.c(124): warning:  #175-D: subscript out of range
..\can_simple_txrx\can_simple_tx_rx.c(125): warning:  #175-D: subscript out of range
..\can_simple_txrx\can_simple_tx_rx.c(126): warning:  #175-D: subscript out of range
..\can_simple_txrx\can_simple_tx_rx.c(127): warning:  #175-D: subscript out of range
..\can_simple_txrx\can_simple_tx_rx.c(128): warning:  #175-D: subscript out of range
..\can_simple_txrx\can_simple_tx_rx.c(129): warning:  #175-D: subscript out of range
..\can_simple_txrx\can_simple_tx_rx.c(130): warning:  #175-D: subscript out of range
..\can_simple_txrx\can_simple_tx_rx.c(132): warning:  #175-D: subscript out of range
..\can_simple_txrx\can_simple_tx_rx.c(133): warning:  #175-D: subscript out of range
..\can_simple_txrx\can_simple_tx_rx.c(134): warning:  #175-D: subscript out of range
..\can_simple_txrx\can_simple_tx_rx.c(135): warning:  #175-D: subscript out of range
compiling main.c...
".\Flash\can_simple_tx_rx.axf" - 1 Errors, 12 Warning(s).
Target not created
Build target 'LPC1700 FLASH'
compiling debug_frmwrk.c...
linking...
Program Size: Code=15304 RO-data=268 RW-data=380 ZI-data=736  
FromELF: creating hex file...
".\Flash\can_simple_tx_rx.axf" - 0 Errors, 0 Warning(s).
Build target 'LPC1700 FLASH'
compiling debug_frmwrk.c...
compiling can_simple_tx_rx.c...
..\can_simple_txrx\can_simple_tx_rx.c(123): warning:  #175-D: subscript out of range
..\can_simple_txrx\can_simple_tx_rx.c(124): warning:  #175-D: subscript out of range
..\can_simple_txrx\can_simple_tx_rx.c(125): warning:  #175-D: subscript out of range
..\can_simple_txrx\can_simple_tx_rx.c(126): warning:  #175-D: subscript out of range
..\can_simple_txrx\can_simple_tx_rx.c(127): warning:  #175-D: subscript out of range
..\can_simple_txrx\can_simple_tx_rx.c(128): warning:  #175-D: subscript out of range
..\can_simple_txrx\can_simple_tx_rx.c(129): warning:  #175-D: subscript out of range
..\can_simple_txrx\can_simple_tx_rx.c(130): warning:  #175-D: subscript out of range
..\can_simple_txrx\can_simple_tx_rx.c(132): warning:  #175-D: subscript out of range
..\can_simple_txrx\can_simple_tx_rx.c(133): warning:  #175-D: subscript out of range
..\can_simple_txrx\can_simple_tx_rx.c(134): warning:  #175-D: subscript out of range
..\can_simple_txrx\can_simple_tx_rx.c(135): warning:  #175-D: subscript out of range
compiling main.c...
linking...
Program Size: Code=15304 RO-data=268 RW-data=380 ZI-data=736  
FromELF: creating hex file...
".\Flash\can_simple_tx_rx.axf" - 0 Errors, 12 Warning(s).
Load "D:\\CAN 数据解析\\CAN_flyaudiov2.0\\Keil\\Flash\\can_simple_tx_rx.axf" 
Erase Done.
Programming Done.
Verify OK.
Build target 'LPC1700 FLASH'
compiling debug_frmwrk.c...
linking...
Program Size: Code=15368 RO-data=268 RW-data=380 ZI-data=736  
FromELF: creating hex file...
".\Flash\can_simple_tx_rx.axf" - 0 Errors, 0 Warning(s).
Build target 'LPC1700 FLASH'
compiling debug_frmwrk.c...
compiling can_simple_tx_rx.c...
..\can_simple_txrx\can_simple_tx_rx.c(123): warning:  #175-D: subscript out of range
..\can_simple_txrx\can_simple_tx_rx.c(124): warning:  #175-D: subscript out of range
..\can_simple_txrx\can_simple_tx_rx.c(125): warning:  #175-D: subscript out of range
..\can_simple_txrx\can_simple_tx_rx.c(126): warning:  #175-D: subscript out of range
..\can_simple_txrx\can_simple_tx_rx.c(127): warning:  #175-D: subscript out of range
..\can_simple_txrx\can_simple_tx_rx.c(128): warning:  #175-D: subscript out of range
..\can_simple_txrx\can_simple_tx_rx.c(129): warning:  #175-D: subscript out of range
..\can_simple_txrx\can_simple_tx_rx.c(130): warning:  #175-D: subscript out of range
..\can_simple_txrx\can_simple_tx_rx.c(132): warning:  #175-D: subscript out of range
..\can_simple_txrx\can_simple_tx_rx.c(133): warning:  #175-D: subscript out of range
..\can_simple_txrx\can_simple_tx_rx.c(134): warning:  #175-D: subscript out of range
..\can_simple_txrx\can_simple_tx_rx.c(135): warning:  #175-D: subscript out of range
compiling main.c...
linking...
Program Size: Code=15368 RO-data=268 RW-data=380 ZI-data=736  
FromELF: creating hex file...
".\Flash\can_simple_tx_rx.axf" - 0 Errors, 12 Warning(s).
Build target 'LPC1700 FLASH'
compiling debug_frmwrk.c...
compiling can_simple_tx_rx.c...
..\can_simple_txrx\can_simple_tx_rx.c(123): warning:  #175-D: subscript out of range
..\can_simple_txrx\can_simple_tx_rx.c(124): warning:  #175-D: subscript out of range
..\can_simple_txrx\can_simple_tx_rx.c(125): warning:  #175-D: subscript out of range
..\can_simple_txrx\can_simple_tx_rx.c(126): warning:  #175-D: subscript out of range
..\can_simple_txrx\can_simple_tx_rx.c(127): warning:  #175-D: subscript out of range
..\can_simple_txrx\can_simple_tx_rx.c(128): warning:  #175-D: subscript out of range
..\can_simple_txrx\can_simple_tx_rx.c(129): warning:  #175-D: subscript out of range
..\can_simple_txrx\can_simple_tx_rx.c(130): warning:  #175-D: subscript out of range
..\can_simple_txrx\can_simple_tx_rx.c(132): warning:  #175-D: subscript out of range
..\can_simple_txrx\can_simple_tx_rx.c(133): warning:  #175-D: subscript out of range
..\can_simple_txrx\can_simple_tx_rx.c(134): warning:  #175-D: subscript out of range
..\can_simple_txrx\can_simple_tx_rx.c(135): warning:  #175-D: subscript out of range
compiling main.c...
linking...
Program Size: Code=15380 RO-data=268 RW-data=384 ZI-data=736  
FromELF: creating hex file...
".\Flash\can_simple_tx_rx.axf" - 0 Errors, 12 Warning(s).
Build target 'LPC1700 FLASH'
compiling debug_frmwrk.c...
compiling can_simple_tx_rx.c...
..\can_simple_txrx\can_simple_tx_rx.c(123): warning:  #175-D: subscript out of range
..\can_simple_txrx\can_simple_tx_rx.c(124): warning:  #175-D: subscript out of range
..\can_simple_txrx\can_simple_tx_rx.c(125): warning:  #175-D: subscript out of range
..\can_simple_txrx\can_simple_tx_rx.c(126): warning:  #175-D: subscript out of range
..\can_simple_txrx\can_simple_tx_rx.c(127): warning:  #175-D: subscript out of range
..\can_simple_txrx\can_simple_tx_rx.c(128): warning:  #175-D: subscript out of range
..\can_simple_txrx\can_simple_tx_rx.c(129): warning:  #175-D: subscript out of range
..\can_simple_txrx\can_simple_tx_rx.c(130): warning:  #175-D: subscript out of range
..\can_simple_txrx\can_simple_tx_rx.c(132): warning:  #175-D: subscript out of range
..\can_simple_txrx\can_simple_tx_rx.c(133): warning:  #175-D: subscript out of range
..\can_simple_txrx\can_simple_tx_rx.c(134): warning:  #175-D: subscript out of range
..\can_simple_txrx\can_simple_tx_rx.c(135): warning:  #175-D: subscript out of range
compiling main.c...
linking...
Program Size: Code=15384 RO-data=268 RW-data=384 ZI-data=736  
FromELF: creating hex file...
".\Flash\can_simple_tx_rx.axf" - 0 Errors, 12 Warning(s).
Load "D:\\CAN 数据解析\\CAN_flyaudiov2.0\\Keil\\Flash\\can_simple_tx_rx.axf" 
Erase Done.
Programming Done.
Verify OK.
Build target 'LPC1700 FLASH'
compiling debug_frmwrk.c...
compiling main.c...
linking...
Program Size: Code=15380 RO-data=268 RW-data=384 ZI-data=736  
FromELF: creating hex file...
".\Flash\can_simple_tx_rx.axf" - 0 Errors, 0 Warning(s).
Build target 'LPC1700 FLASH'
linking...
Program Size: Code=15380 RO-data=268 RW-data=384 ZI-data=736  
FromELF: creating hex file...
".\Flash\can_simple_tx_rx.axf" - 0 Errors, 0 Warning(s).
Load "D:\\CAN 数据解析\\CAN_flyaudiov2.0\\Keil\\Flash\\can_simple_tx_rx.axf" 
Erase Done.
Programming Done.
Verify OK.
Build target 'LPC1700 FLASH'
compiling debug_frmwrk.c...
linking...
Program Size: Code=15380 RO-data=268 RW-data=384 ZI-data=736  
FromELF: creating hex file...
".\Flash\can_simple_tx_rx.axf" - 0 Errors, 0 Warning(s).
Load "D:\\CAN 数据解析\\CAN_flyaudiov2.0\\Keil\\Flash\\can_simple_tx_rx.axf" 
Erase Done.
Programming Done.
Verify OK.
Build target 'LPC1700 FLASH'
compiling debug_frmwrk.c...
..\Drivers\source\debug_frmwrk.c(254): error:  #65: expected a ";"
".\Flash\can_simple_tx_rx.axf" - 1 Errors, 0 Warning(s).
Target not created
Build target 'LPC1700 FLASH'
compiling debug_frmwrk.c...
linking...
Program Size: Code=15392 RO-data=268 RW-data=384 ZI-data=736  
FromELF: creating hex file...
".\Flash\can_simple_tx_rx.axf" - 0 Errors, 0 Warning(s).
Build target 'LPC1700 FLASH'
compiling debug_frmwrk.c...
linking...
Program Size: Code=15400 RO-data=268 RW-data=384 ZI-data=736  
FromELF: creating hex file...
".\Flash\can_simple_tx_rx.axf" - 0 Errors, 0 Warning(s).
Build target 'LPC1700 FLASH'
linking...
Program Size: Code=15400 RO-data=268 RW-data=384 ZI-data=736  
FromELF: creating hex file...
".\Flash\can_simple_tx_rx.axf" - 0 Errors, 0 Warning(s).
Load "D:\\CAN 数据解析\\CAN_flyaudiov2.0\\Keil\\Flash\\can_simple_tx_rx.axf" 
Erase Done.
Programming Done.
Verify OK.
Build target 'LPC1700 FLASH'
compiling debug_frmwrk.c...
linking...
Program Size: Code=15392 RO-data=268 RW-data=384 ZI-data=736  
FromELF: creating hex file...
".\Flash\can_simple_tx_rx.axf" - 0 Errors, 0 Warning(s).
Build target 'LPC1700 FLASH'
linking...
Program Size: Code=15392 RO-data=268 RW-data=384 ZI-data=736  
FromELF: creating hex file...
".\Flash\can_simple_tx_rx.axf" - 0 Errors, 0 Warning(s).
Load "D:\\CAN 数据解析\\CAN_flyaudiov2.0\\Keil\\Flash\\can_simple_tx_rx.axf" 
Erase Done.
Programming Done.
Verify OK.
Build target 'LPC1700 FLASH'
compiling debug_frmwrk.c...
linking...
Program Size: Code=15400 RO-data=268 RW-data=384 ZI-data=736  
FromELF: creating hex file...
".\Flash\can_simple_tx_rx.axf" - 0 Errors, 0 Warning(s).
Build target 'LPC1700 FLASH'
linking...
Program Size: Code=15400 RO-data=268 RW-data=384 ZI-data=736  
FromELF: creating hex file...
".\Flash\can_simple_tx_rx.axf" - 0 Errors, 0 Warning(s).
Load "D:\\CAN 数据解析\\CAN_flyaudiov2.0\\Keil\\Flash\\can_simple_tx_rx.axf" 
Erase Done.
Programming Done.
Verify OK.
Build target 'LPC1700 FLASH'
compiling debug_frmwrk.c...
linking...
Program Size: Code=15400 RO-data=268 RW-data=384 ZI-data=736  
FromELF: creating hex file...
".\Flash\can_simple_tx_rx.axf" - 0 Errors, 0 Warning(s).
Load "D:\\CAN 数据解析\\CAN_flyaudiov2.0\\Keil\\Flash\\can_simple_tx_rx.axf" 
Erase Done.
Programming Done.
Verify OK.
Build target 'LPC1700 FLASH'
compiling debug_frmwrk.c...
..\Drivers\source\debug_frmwrk.c(258): warning:  #177-D: variable "result" was declared but never referenced
linking...
Program Size: Code=15392 RO-data=268 RW-data=384 ZI-data=736  
FromELF: creating hex file...
".\Flash\can_simple_tx_rx.axf" - 0 Errors, 1 Warning(s).
Build target 'LPC1700 FLASH'
compiling debug_frmwrk.c...
linking...
Program Size: Code=15392 RO-data=268 RW-data=384 ZI-data=736  
FromELF: creating hex file...
".\Flash\can_simple_tx_rx.axf" - 0 Errors, 0 Warning(s).
Load "D:\\CAN 数据解析\\CAN_flyaudiov2.0\\Keil\\Flash\\can_simple_tx_rx.axf" 
Erase Done.
Programming Done.
Verify OK.
Build target 'LPC1700 FLASH'
compiling main.c...
linking...
Program Size: Code=15444 RO-data=268 RW-data=384 ZI-data=736  
FromELF: creating hex file...
".\Flash\can_simple_tx_rx.axf" - 0 Errors, 0 Warning(s).
Load "D:\\CAN 数据解析\\CAN_flyaudiov2.0\\Keil\\Flash\\can_simple_tx_rx.axf" 
Erase Done.
Programming Done.
Verify OK.
Build target 'LPC1700 FLASH'
linking...
Program Size: Code=15444 RO-data=268 RW-data=384 ZI-data=736  
FromELF: creating hex file...
".\Flash\can_simple_tx_rx.axf" - 0 Errors, 0 Warning(s).
Load "D:\\CAN 数据解析\\CAN_flyaudiov2.0\\Keil\\Flash\\can_simple_tx_rx.axf" 
Erase Done.
Programming Done.
Verify OK.
Build target 'LPC1700 FLASH'
compiling main.c...
linking...
Program Size: Code=15392 RO-data=268 RW-data=384 ZI-data=736  
FromELF: creating hex file...
".\Flash\can_simple_tx_rx.axf" - 0 Errors, 0 Warning(s).
Load "D:\\CAN 数据解析\\CAN_flyaudiov2.0\\Keil\\Flash\\can_simple_tx_rx.axf" 
Erase Done.
Programming Done.
Verify OK.
Build target 'LPC1700 FLASH'
compiling main.c...
linking...
Program Size: Code=15444 RO-data=268 RW-data=384 ZI-data=736  
FromELF: creating hex file...
".\Flash\can_simple_tx_rx.axf" - 0 Errors, 0 Warning(s).
Load "D:\\CAN 数据解析\\CAN_flyaudiov2.0\\Keil\\Flash\\can_simple_tx_rx.axf" 
Erase Done.
Programming Done.
Verify OK.
Build target 'LPC1700 FLASH'
compiling main.c...
linking...
Program Size: Code=15392 RO-data=268 RW-data=384 ZI-data=736  
FromELF: creating hex file...
".\Flash\can_simple_tx_rx.axf" - 0 Errors, 0 Warning(s).
Load "D:\\CAN 数据解析\\CAN_flyaudiov2.0\\Keil\\Flash\\can_simple_tx_rx.axf" 
Erase Done.
Programming Done.
Verify OK.
Build target 'LPC1700 FLASH'
compiling main.c...
linking...
Program Size: Code=15444 RO-data=268 RW-data=384 ZI-data=736  
FromELF: creating hex file...
".\Flash\can_simple_tx_rx.axf" - 0 Errors, 0 Warning(s).
Load "D:\\CAN 数据解析\\CAN_flyaudiov2.0\\Keil\\Flash\\can_simple_tx_rx.axf" 
Erase Done.
Programming Done.
Verify OK.
Build target 'LPC1700 FLASH'
compiling main.c...
linking...
Program Size: Code=15460 RO-data=268 RW-data=384 ZI-data=736  
FromELF: creating hex file...
".\Flash\can_simple_tx_rx.axf" - 0 Errors, 0 Warning(s).
Load "D:\\CAN 数据解析\\CAN_flyaudiov2.0\\Keil\\Flash\\can_simple_tx_rx.axf" 
Erase Done.
Programming Done.
Verify OK.
Build target 'LPC1700 FLASH'
compiling can_simple_tx_rx.c...
compiling main.c...
linking...
Program Size: Code=15392 RO-data=268 RW-data=384 ZI-data=752  
FromELF: creating hex file...
".\Flash\can_simple_tx_rx.axf" - 0 Errors, 0 Warning(s).
Load "D:\\CAN 数据解析\\CAN_flyaudiov2.0\\Keil\\Flash\\can_simple_tx_rx.axf" 
Erase Done.
Programming Done.
Verify OK.
Build target 'LPC1700 FLASH'
compiling can_simple_tx_rx.c...
linking...
Program Size: Code=15376 RO-data=268 RW-data=384 ZI-data=752  
FromELF: creating hex file...
".\Flash\can_simple_tx_rx.axf" - 0 Errors, 0 Warning(s).
Load "D:\\CAN 数据解析\\CAN_flyaudiov2.0\\Keil\\Flash\\can_simple_tx_rx.axf" 
Erase Done.
Programming Done.
Verify OK.
Build target 'LPC1700 FLASH'
compiling can_simple_tx_rx.c...
compiling main.c...
linking...
Program Size: Code=15380 RO-data=268 RW-data=384 ZI-data=752  
FromELF: creating hex file...
".\Flash\can_simple_tx_rx.axf" - 0 Errors, 0 Warning(s).
Load "D:\\CAN 数据解析\\CAN_flyaudiov2.0\\Keil\\Flash\\can_simple_tx_rx.axf" 
Erase Done.
Programming Done.
Verify OK.
Build target 'LPC1700 FLASH'
compiling can_simple_tx_rx.c...
linking...
Program Size: Code=15384 RO-data=268 RW-data=384 ZI-data=752  
FromELF: creating hex file...
".\Flash\can_simple_tx_rx.axf" - 0 Errors, 0 Warning(s).
Load "D:\\CAN 数据解析\\CAN_flyaudiov2.0\\Keil\\Flash\\can_simple_tx_rx.axf" 
Erase Done.
Programming Done.
Verify OK.
Build target 'LPC1700 FLASH'
compiling can_simple_tx_rx.c...
linking...
Program Size: Code=15380 RO-data=268 RW-data=384 ZI-data=752  
FromELF: creating hex file...
".\Flash\can_simple_tx_rx.axf" - 0 Errors, 0 Warning(s).
Load "D:\\CAN 数据解析\\CAN_flyaudiov2.0\\Keil\\Flash\\can_simple_tx_rx.axf" 
Erase Done.
Programming Done.
Verify OK.
Build target 'LPC1700 FLASH'
compiling can_simple_tx_rx.c...
compiling main.c...
linking...
Program Size: Code=15392 RO-data=268 RW-data=384 ZI-data=752  
FromELF: creating hex file...
".\Flash\can_simple_tx_rx.axf" - 0 Errors, 0 Warning(s).
Load "D:\\CAN 数据解析\\CAN_flyaudiov2.0\\Keil\\Flash\\can_simple_tx_rx.axf" 
Erase Done.
Programming Done.
Verify OK.
Build target 'LPC1700 FLASH'
compiling can_simple_tx_rx.c...
linking...
Program Size: Code=15396 RO-data=268 RW-data=384 ZI-data=752  
FromELF: creating hex file...
".\Flash\can_simple_tx_rx.axf" - 0 Errors, 0 Warning(s).
Load "D:\\CAN 数据解析\\CAN_flyaudiov2.0\\Keil\\Flash\\can_simple_tx_rx.axf" 
Erase Done.
Programming Done.
Verify OK.
Build target 'LPC1700 FLASH'
compiling main.c...
linking...
Program Size: Code=15384 RO-data=268 RW-data=384 ZI-data=752  
FromELF: creating hex file...
".\Flash\can_simple_tx_rx.axf" - 0 Errors, 0 Warning(s).
Build target 'LPC1700 FLASH'
compiling can_simple_tx_rx.c...
..\can_simple_txrx\can_simple_tx_rx.c(190): warning:  #167-D: argument of type "volatile CAN_MSG_Type *" is incompatible with parameter of type "CAN_MSG_Type *"
linking...
Program Size: Code=15396 RO-data=268 RW-data=384 ZI-data=752  
FromELF: creating hex file...
".\Flash\can_simple_tx_rx.axf" - 0 Errors, 1 Warning(s).
Load "D:\\CAN 数据解析\\CAN_flyaudiov2.0\\Keil\\Flash\\can_simple_tx_rx.axf" 
Erase Done.
Programming Done.
Verify OK.
Build target 'LPC1700 FLASH'
compiling main.c...
linking...
Program Size: Code=15404 RO-data=268 RW-data=384 ZI-data=752  
FromELF: creating hex file...
".\Flash\can_simple_tx_rx.axf" - 0 Errors, 0 Warning(s).
Build target 'LPC1700 FLASH'
compiling can_simple_tx_rx.c...
linking...
Program Size: Code=15404 RO-data=268 RW-data=384 ZI-data=752  
FromELF: creating hex file...
".\Flash\can_simple_tx_rx.axf" - 0 Errors, 0 Warning(s).
Load "D:\\CAN 数据解析\\CAN_flyaudiov2.0\\Keil\\Flash\\can_simple_tx_rx.axf" 
Erase Done.
Programming Done.
Verify OK.
Build target 'LPC1700 FLASH'
compiling can_simple_tx_rx.c...
compiling main.c...
linking...
Program Size: Code=15460 RO-data=268 RW-data=384 ZI-data=752  
FromELF: creating hex file...
".\Flash\can_simple_tx_rx.axf" - 0 Errors, 0 Warning(s).
Load "D:\\CAN 数据解析\\CAN_flyaudiov2.0\\Keil\\Flash\\can_simple_tx_rx.axf" 
Erase Done.
Programming Done.
Verify OK.
Build target 'LPC1700 FLASH'
compiling main.c...
..\Main\main.c(15): warning:  #177-D: variable "status1" was declared but never referenced
linking...
Program Size: Code=15392 RO-data=268 RW-data=384 ZI-data=752  
FromELF: creating hex file...
".\Flash\can_simple_tx_rx.axf" - 0 Errors, 1 Warning(s).
Load "D:\\CAN 数据解析\\CAN_flyaudiov2.0\\Keil\\Flash\\can_simple_tx_rx.axf" 
Erase Done.
Programming Done.
Verify OK.
