<html>
<body>
<pre>
<h1>礦ision Build Log</h1>
<h2>Project:</h2>
D:\CAN 数据解析\CAN_flyaudiov2.0\Keil\can_simple_tx_rx.uvproj
Project File Date:  09/24/2018

<h2>Output:</h2>
Build target 'LPC1700 FLASH'
compiling main.c...
linking...
Program Size: Code=14712 RO-data=252 RW-data=376 ZI-data=624  
FromELF: creating hex file...
".\Flash\can_simple_tx_rx.axf" - 0 Errors, 0 Warning(s).
Build target 'LPC1700 FLASH'
linking...
Program Size: Code=14712 RO-data=252 RW-data=376 ZI-data=624  
FromELF: creating hex file...
".\Flash\can_simple_tx_rx.axf" - 0 Errors, 0 Warning(s).
Load "D:\\CAN 数据解析\\CAN_flyaudiov2.0\\Keil\\Flash\\can_simple_tx_rx.axf" 
Erase Done.
Programming Done.
Verify OK.
Build target 'LPC1700 FLASH'
compiling main.c...
linking...
Program Size: Code=14728 RO-data=252 RW-data=376 ZI-data=624  
FromELF: creating hex file...
".\Flash\can_simple_tx_rx.axf" - 0 Errors, 0 Warning(s).
Build target 'LPC1700 FLASH'
linking...
Program Size: Code=14728 RO-data=252 RW-data=376 ZI-data=624  
FromELF: creating hex file...
".\Flash\can_simple_tx_rx.axf" - 0 Errors, 0 Warning(s).
Load "D:\\CAN 数据解析\\CAN_flyaudiov2.0\\Keil\\Flash\\can_simple_tx_rx.axf" 
Erase Done.
Programming Done.
Verify OK.
Build target 'LPC1700 FLASH'
compiling main.c...
linking...
Program Size: Code=14724 RO-data=252 RW-data=376 ZI-data=624  
FromELF: creating hex file...
".\Flash\can_simple_tx_rx.axf" - 0 Errors, 0 Warning(s).
Build target 'LPC1700 FLASH'
compiling main.c...
linking...
Program Size: Code=14724 RO-data=252 RW-data=376 ZI-data=624  
FromELF: creating hex file...
".\Flash\can_simple_tx_rx.axf" - 0 Errors, 0 Warning(s).
Load "D:\\CAN 数据解析\\CAN_flyaudiov2.0\\Keil\\Flash\\can_simple_tx_rx.axf" 
Erase Done.
Programming Done.
Verify OK.
Build target 'LPC1700 FLASH'
compiling can_simple_tx_rx.c...
compiling main.c...
linking...
Program Size: Code=14712 RO-data=252 RW-data=376 ZI-data=624  
FromELF: creating hex file...
".\Flash\can_simple_tx_rx.axf" - 0 Errors, 0 Warning(s).
Load "D:\\CAN 数据解析\\CAN_flyaudiov2.0\\Keil\\Flash\\can_simple_tx_rx.axf" 
Erase Done.
Programming Done.
Verify OK.
Build target 'LPC1700 FLASH'
compiling main.c...
linking...
Program Size: Code=14712 RO-data=252 RW-data=376 ZI-data=624  
FromELF: creating hex file...
".\Flash\can_simple_tx_rx.axf" - 0 Errors, 0 Warning(s).
Build target 'LPC1700 FLASH'
compiling main.c...
linking...
Program Size: Code=14712 RO-data=252 RW-data=376 ZI-data=624  
FromELF: creating hex file...
".\Flash\can_simple_tx_rx.axf" - 0 Errors, 0 Warning(s).
Load "D:\\CAN 数据解析\\CAN_flyaudiov2.0\\Keil\\Flash\\can_simple_tx_rx.axf" 
Erase Done.
Programming Done.
Verify OK.
Build target 'LPC1700 FLASH'
compiling main.c...
linking...
Program Size: Code=14712 RO-data=252 RW-data=376 ZI-data=624  
FromELF: creating hex file...
".\Flash\can_simple_tx_rx.axf" - 0 Errors, 0 Warning(s).
Load "D:\\CAN 数据解析\\CAN_flyaudiov2.0\\Keil\\Flash\\can_simple_tx_rx.axf" 
Erase Done.
Programming Done.
Verify OK.
Build target 'LPC1700 FLASH'
compiling main.c...
linking...
Program Size: Code=14712 RO-data=252 RW-data=376 ZI-data=624  
FromELF: creating hex file...
".\Flash\can_simple_tx_rx.axf" - 0 Errors, 0 Warning(s).
Build target 'LPC1700 FLASH'
compiling main.c...
linking...
Program Size: Code=14712 RO-data=252 RW-data=376 ZI-data=624  
FromELF: creating hex file...
".\Flash\can_simple_tx_rx.axf" - 0 Errors, 0 Warning(s).
Load "D:\\CAN 数据解析\\CAN_flyaudiov2.0\\Keil\\Flash\\can_simple_tx_rx.axf" 
Erase Done.
Programming Done.
Verify OK.
Build target 'LPC1700 FLASH'
compiling main.c...
linking...
Program Size: Code=14716 RO-data=252 RW-data=376 ZI-data=624  
FromELF: creating hex file...
".\Flash\can_simple_tx_rx.axf" - 0 Errors, 0 Warning(s).
Build target 'LPC1700 FLASH'
linking...
Program Size: Code=14716 RO-data=252 RW-data=376 ZI-data=624  
FromELF: creating hex file...
".\Flash\can_simple_tx_rx.axf" - 0 Errors, 0 Warning(s).
Load "D:\\CAN 数据解析\\CAN_flyaudiov2.0\\Keil\\Flash\\can_simple_tx_rx.axf" 
Erase Done.
Programming Done.
Verify OK.
Build target 'LPC1700 FLASH'
compiling main.c...
linking...
Program Size: Code=14712 RO-data=252 RW-data=376 ZI-data=624  
FromELF: creating hex file...
".\Flash\can_simple_tx_rx.axf" - 0 Errors, 0 Warning(s).
Load "D:\\CAN 数据解析\\CAN_flyaudiov2.0\\Keil\\Flash\\can_simple_tx_rx.axf" 
Erase Done.
Programming Done.
Verify OK.
Build target 'LPC1700 FLASH'
compiling can_simple_tx_rx.c...
compiling main.c...
..\Main\main.c(52): error:  #167: argument of type "CAN_MSG_Type" is incompatible with parameter of type "CAN_MSG_Type *"
".\Flash\can_simple_tx_rx.axf" - 1 Errors, 0 Warning(s).
Target not created
Build target 'LPC1700 FLASH'
compiling main.c...
..\Main\main.c(52): warning:  #167-D: argument of type "volatile CAN_MSG_Type *" is incompatible with parameter of type "CAN_MSG_Type *"
linking...
Program Size: Code=14748 RO-data=268 RW-data=376 ZI-data=660  
FromELF: creating hex file...
".\Flash\can_simple_tx_rx.axf" - 0 Errors, 1 Warning(s).
Build target 'LPC1700 FLASH'
compiling main.c...
linking...
Program Size: Code=14748 RO-data=268 RW-data=376 ZI-data=660  
FromELF: creating hex file...
".\Flash\can_simple_tx_rx.axf" - 0 Errors, 0 Warning(s).
Load "D:\\CAN 数据解析\\CAN_flyaudiov2.0\\Keil\\Flash\\can_simple_tx_rx.axf" 
Erase Done.
Programming Done.
Verify OK.
Build target 'LPC1700 FLASH'
compiling main.c...
linking...
Program Size: Code=14752 RO-data=268 RW-data=376 ZI-data=660  
FromELF: creating hex file...
".\Flash\can_simple_tx_rx.axf" - 0 Errors, 0 Warning(s).
Load "D:\\CAN 数据解析\\CAN_flyaudiov2.0\\Keil\\Flash\\can_simple_tx_rx.axf" 
Erase Done.
Programming Done.
Verify OK.
Build target 'LPC1700 FLASH'
compiling can_simple_tx_rx.c...
compiling main.c...
linking...
Program Size: Code=14756 RO-data=268 RW-data=376 ZI-data=660  
FromELF: creating hex file...
".\Flash\can_simple_tx_rx.axf" - 0 Errors, 0 Warning(s).
Build target 'LPC1700 FLASH'
linking...
Program Size: Code=14756 RO-data=268 RW-data=376 ZI-data=660  
FromELF: creating hex file...
".\Flash\can_simple_tx_rx.axf" - 0 Errors, 0 Warning(s).
Load "D:\\CAN 数据解析\\CAN_flyaudiov2.0\\Keil\\Flash\\can_simple_tx_rx.axf" 
Erase Done.
Programming Done.
Verify OK.
Build target 'LPC1700 FLASH'
compiling can_simple_tx_rx.c...
compiling main.c...
linking...
Program Size: Code=14912 RO-data=268 RW-data=376 ZI-data=660  
FromELF: creating hex file...
".\Flash\can_simple_tx_rx.axf" - 0 Errors, 0 Warning(s).
Build target 'LPC1700 FLASH'
linking...
Program Size: Code=14912 RO-data=268 RW-data=376 ZI-data=660  
FromELF: creating hex file...
".\Flash\can_simple_tx_rx.axf" - 0 Errors, 0 Warning(s).
Load "D:\\CAN 数据解析\\CAN_flyaudiov2.0\\Keil\\Flash\\can_simple_tx_rx.axf" 
Erase Done.
Programming Done.
Verify OK.
Build target 'LPC1700 FLASH'
compiling can_simple_tx_rx.c...
compiling main.c...
linking...
Program Size: Code=14980 RO-data=268 RW-data=376 ZI-data=660  
FromELF: creating hex file...
".\Flash\can_simple_tx_rx.axf" - 0 Errors, 0 Warning(s).
Build target 'LPC1700 FLASH'
linking...
Program Size: Code=14980 RO-data=268 RW-data=376 ZI-data=660  
FromELF: creating hex file...
".\Flash\can_simple_tx_rx.axf" - 0 Errors, 0 Warning(s).
Load "D:\\CAN 数据解析\\CAN_flyaudiov2.0\\Keil\\Flash\\can_simple_tx_rx.axf" 
Erase Done.
Programming Done.
Verify OK.
Build target 'LPC1700 FLASH'
compiling main.c...
linking...
Program Size: Code=14988 RO-data=268 RW-data=376 ZI-data=660  
FromELF: creating hex file...
".\Flash\can_simple_tx_rx.axf" - 0 Errors, 0 Warning(s).
Load "D:\\CAN 数据解析\\CAN_flyaudiov2.0\\Keil\\Flash\\can_simple_tx_rx.axf" 
Erase Done.
Programming Done.
Verify OK.
Build target 'LPC1700 FLASH'
compiling main.c...
linking...
Program Size: Code=14984 RO-data=268 RW-data=376 ZI-data=660  
FromELF: creating hex file...
".\Flash\can_simple_tx_rx.axf" - 0 Errors, 0 Warning(s).
Load "D:\\CAN 数据解析\\CAN_flyaudiov2.0\\Keil\\Flash\\can_simple_tx_rx.axf" 
Erase Done.
Programming Done.
Verify OK.
