<html>
<body>
<pre>
<h1>礦ision Build Log</h1>
<h2>Project:</h2>
D:\CAN 数据解析\CAN_flyaudiov3.0\Keil\can_simple_tx_rx.uvproj
Project File Date:  09/25/2018

<h2>Output:</h2>
Build target 'LPC1700 FLASH'
compiling lpc17xx_can.c...
compiling main.c...
linking...
Program Size: Code=14340 RO-data=252 RW-data=372 ZI-data=544  
FromELF: creating hex file...
".\Flash\can_simple_tx_rx.axf" - 0 Errors, 0 Warning(s).
Load "D:\\CAN 数据解析\\CAN_flyaudiov3.0\\Keil\\Flash\\can_simple_tx_rx.axf" 
Erase Done.
Programming Done.
Verify OK.
