<html>
<body>
<pre>
<h1>µVision Build Log</h1>
<h2>Project:</h2>
D:\CAN Êý¾Ý½âÎö\CAN_flyaudiov2.0_AFmode\Keil\can_simple_tx_rx.uvproj
Project File Date:  09/28/2018

<h2>Output:</h2>
Build target 'LPC1700 FLASH'
linking...
Program Size: Code=15932 RO-data=268 RW-data=384 ZI-data=1328  
FromELF: creating hex file...
".\Flash\can_simple_tx_rx.axf" - 0 Errors, 0 Warning(s).
Build target 'LPC1700 FLASH'
linking...
Program Size: Code=15932 RO-data=268 RW-data=384 ZI-data=1328  
FromELF: creating hex file...
".\Flash\can_simple_tx_rx.axf" - 0 Errors, 0 Warning(s).
Build target 'LPC1700 FLASH'
compiling main.c...
linking...
Program Size: Code=15924 RO-data=268 RW-data=384 ZI-data=1328  
FromELF: creating hex file...
".\Flash\can_simple_tx_rx.axf" - 0 Errors, 0 Warning(s).
