<html>
<body>
<pre>
<h1>礦ision Build Log</h1>
<h2>Project:</h2>
D:\CAN 数据解析\CAN_flyaudiov2.0 验收滤波\Keil\can_simple_tx_rx.uvproj
Project File Date:  09/28/2018

<h2>Output:</h2>
Build target 'LPC1700 FLASH'
compiling can_simple_tx_rx.c...
compiling usart.c...
compiling main.c...
linking...
Program Size: Code=15768 RO-data=268 RW-data=384 ZI-data=1328  
FromELF: creating hex file...
".\Flash\can_simple_tx_rx.axf" - 0 Errors, 0 Warning(s).
Build target 'LPC1700 FLASH'
compiling main.c...
linking...
Program Size: Code=15872 RO-data=268 RW-data=384 ZI-data=1328  
FromELF: creating hex file...
".\Flash\can_simple_tx_rx.axf" - 0 Errors, 0 Warning(s).
Build target 'LPC1700 FLASH'
linking...
Program Size: Code=15872 RO-data=268 RW-data=384 ZI-data=1328  
FromELF: creating hex file...
".\Flash\can_simple_tx_rx.axf" - 0 Errors, 0 Warning(s).
Load "D:\\CAN 数据解析\\CAN_flyaudiov2.0 验收滤波\\Keil\\Flash\\can_simple_tx_rx.axf" 
Erase Done.
Programming Done.
Verify OK.
Build target 'LPC1700 FLASH'
compiling main.c...
linking...
Program Size: Code=15872 RO-data=268 RW-data=384 ZI-data=1328  
FromELF: creating hex file...
".\Flash\can_simple_tx_rx.axf" - 0 Errors, 0 Warning(s).
Load "D:\\CAN 数据解析\\CAN_flyaudiov2.0 验收滤波\\Keil\\Flash\\can_simple_tx_rx.axf" 
Erase Done.
Programming Done.
Verify OK.
Build target 'LPC1700 FLASH'
compiling main.c...
linking...
Program Size: Code=15872 RO-data=268 RW-data=384 ZI-data=1328  
FromELF: creating hex file...
".\Flash\can_simple_tx_rx.axf" - 0 Errors, 0 Warning(s).
Load "D:\\CAN 数据解析\\CAN_flyaudiov2.0 验收滤波\\Keil\\Flash\\can_simple_tx_rx.axf" 
Erase Done.
Programming Done.
Verify OK.
Build target 'LPC1700 FLASH'
compiling can_simple_tx_rx.c...
compiling main.c...
linking...
Program Size: Code=15932 RO-data=268 RW-data=384 ZI-data=1328  
FromELF: creating hex file...
".\Flash\can_simple_tx_rx.axf" - 0 Errors, 0 Warning(s).
Build target 'LPC1700 FLASH'
linking...
Program Size: Code=15932 RO-data=268 RW-data=384 ZI-data=1328  
FromELF: creating hex file...
".\Flash\can_simple_tx_rx.axf" - 0 Errors, 0 Warning(s).
Load "D:\\CAN 数据解析\\CAN_flyaudiov2.0 验收滤波\\Keil\\Flash\\can_simple_tx_rx.axf" 
Erase Done.
Programming Done.
Verify OK.
Build target 'LPC1700 FLASH'
compiling can_simple_tx_rx.c...
linking...
Program Size: Code=15932 RO-data=268 RW-data=384 ZI-data=1328  
FromELF: creating hex file...
".\Flash\can_simple_tx_rx.axf" - 0 Errors, 0 Warning(s).
Load "D:\\CAN 数据解析\\CAN_flyaudiov2.0 验收滤波\\Keil\\Flash\\can_simple_tx_rx.axf" 
Erase Done.
Programming Done.
Verify OK.
Build target 'LPC1700 FLASH'
compiling can_simple_tx_rx.c...
linking...
Program Size: Code=15932 RO-data=268 RW-data=384 ZI-data=1328  
FromELF: creating hex file...
".\Flash\can_simple_tx_rx.axf" - 0 Errors, 0 Warning(s).
Load "D:\\CAN 数据解析\\CAN_flyaudiov2.0 验收滤波\\Keil\\Flash\\can_simple_tx_rx.axf" 
Erase Done.
Programming Done.
Verify OK.
Build target 'LPC1700 FLASH'
compiling can_simple_tx_rx.c...
linking...
Program Size: Code=15932 RO-data=268 RW-data=384 ZI-data=1328  
FromELF: creating hex file...
".\Flash\can_simple_tx_rx.axf" - 0 Errors, 0 Warning(s).
Load "D:\\CAN 数据解析\\CAN_flyaudiov2.0 验收滤波\\Keil\\Flash\\can_simple_tx_rx.axf" 
Erase Done.
Programming Done.
Verify OK.
Build target 'LPC1700 FLASH'
compiling can_simple_tx_rx.c...
linking...
Program Size: Code=15932 RO-data=268 RW-data=384 ZI-data=1328  
FromELF: creating hex file...
".\Flash\can_simple_tx_rx.axf" - 0 Errors, 0 Warning(s).
Load "D:\\CAN 数据解析\\CAN_flyaudiov2.0 验收滤波\\Keil\\Flash\\can_simple_tx_rx.axf" 
Erase Done.
Programming Done.
Verify OK.
Build target 'LPC1700 FLASH'
compiling can_simple_tx_rx.c...
linking...
Program Size: Code=15932 RO-data=268 RW-data=384 ZI-data=1328  
FromELF: creating hex file...
".\Flash\can_simple_tx_rx.axf" - 0 Errors, 0 Warning(s).
Load "D:\\CAN 数据解析\\CAN_flyaudiov2.0 验收滤波\\Keil\\Flash\\can_simple_tx_rx.axf" 
Erase Done.
Programming Done.
Verify OK.
Build target 'LPC1700 FLASH'
compiling can_simple_tx_rx.c...
linking...
Program Size: Code=15932 RO-data=268 RW-data=384 ZI-data=1328  
FromELF: creating hex file...
".\Flash\can_simple_tx_rx.axf" - 0 Errors, 0 Warning(s).
Load "D:\\CAN 数据解析\\CAN_flyaudiov2.0 验收滤波\\Keil\\Flash\\can_simple_tx_rx.axf" 
Erase Done.
Programming Done.
Verify OK.
Build target 'LPC1700 FLASH'
compiling can_simple_tx_rx.c...
linking...
Program Size: Code=15848 RO-data=268 RW-data=384 ZI-data=1328  
FromELF: creating hex file...
".\Flash\can_simple_tx_rx.axf" - 0 Errors, 0 Warning(s).
Load "D:\\CAN 数据解析\\CAN_flyaudiov2.0 验收滤波\\Keil\\Flash\\can_simple_tx_rx.axf" 
Erase Done.
Programming Done.
Verify OK.
Build target 'LPC1700 FLASH'
compiling can_simple_tx_rx.c...
linking...
Program Size: Code=15860 RO-data=268 RW-data=384 ZI-data=1328  
FromELF: creating hex file...
".\Flash\can_simple_tx_rx.axf" - 0 Errors, 0 Warning(s).
Load "D:\\CAN 数据解析\\CAN_flyaudiov2.0 验收滤波\\Keil\\Flash\\can_simple_tx_rx.axf" 
Erase Done.
Programming Done.
Verify OK.
Build target 'LPC1700 FLASH'
compiling can_simple_tx_rx.c...
linking...
Program Size: Code=15932 RO-data=268 RW-data=384 ZI-data=1328  
FromELF: creating hex file...
".\Flash\can_simple_tx_rx.axf" - 0 Errors, 0 Warning(s).
Build target 'LPC1700 FLASH'
linking...
Program Size: Code=15932 RO-data=268 RW-data=384 ZI-data=1328  
FromELF: creating hex file...
".\Flash\can_simple_tx_rx.axf" - 0 Errors, 0 Warning(s).
Load "D:\\CAN 数据解析\\CAN_flyaudiov2.0 验收滤波\\Keil\\Flash\\can_simple_tx_rx.axf" 
Erase Done.
Programming Done.
Verify OK.
